{
  "basis_unchanged": true,
  "code_commit": "ce59145c46d53be6b7add12b101be352a921095d",
  "decision": "retain_as_fresh_selector_candidate_only_until_a_green_and_b_confirmation_are_reviewed",
  "status": "FRESH_P16_SELECTOR_COMPLETE",
  "validation_a": {
    "cosine": 0.937224889989011,
    "dead_experts": 0,
    "excluded_count": 0,
    "hard_load_balance": 1.054278925061226,
    "load_cv": 0.23297837895655868,
    "mse": 6.0114025856705666e-05,
    "normalized_mse": 0.13519899272476502,
    "router_entropy": 2.5839366922155023,
    "selected_count": 16384,
    "selected_counts": [
      6071.0,
      5901.0,
      5137.0,
      4656.0,
      4333.0,
      3699.0,
      4398.0,
      4369.0,
      4291.0,
      3797.0,
      3321.0,
      3052.0,
      3346.0,
      3093.0,
      3061.0,
      3011.0
    ],
    "soft_load_balance": 1.0014085047484085,
    "soft_load_cv": 0.037530082819324746,
    "soft_loads": [
      974.4969566464424,
      1019.9955614805222,
      1010.8738754987717,
      1036.2436034679413,
      1040.343556702137,
      990.1303972005844,
      1027.1437050104141,
      969.9067975878716,
      989.9516271352768,
      999.1248537302017,
      981.9693120718002,
      1099.4236803650856,
      1042.3697003126144,
      1040.2962971925735,
      1071.1653351783752,
      1090.5647210478783
    ],
    "split": "train",
    "streaming": true,
    "token_count": 16384,
    "topk_logit_margin": 0.10740185267786728
  },
  "validation_b": {
    "checkpoint_selection": false,
    "cosine": 0.9378559359465726,
    "dead_experts": 0,
    "excluded_count": 0,
    "hard_load_balance": 1.055576454848051,
    "load_cv": 0.23574659032115616,
    "mse": 6.06885551974301e-05,
    "normalized_mse": 0.1332869296680614,
    "router_entropy": 2.5840379021828994,
    "selected_count": 32768,
    "selected_counts": [
      12248.0,
      11821.0,
      10353.0,
      9750.0,
      8489.0,
      7190.0,
      8765.0,
      8510.0,
      8268.0,
      7595.0,
      6556.0,
      5908.0,
      6935.0,
      6299.0,
      6293.0,
      6092.0
    ],
    "soft_load_balance": 1.0016593449875633,
    "soft_load_cv": 0.04073510077073493,
    "soft_loads": [
      1969.69378387928,
      2055.8589836359024,
      2042.8265070915222,
      2117.474771142006,
      2068.0851817131042,
      1943.5191326141357,
      2042.6106482744217,
      1915.9795523881912,
      1964.4280511140823,
      1982.4573101997375,
      1958.682155251503,
      2172.655813217163,
      2099.256139755249,
      2084.349813938141,
      2159.2915110588074,
      2190.8305883407593
    ],
    "split": "validation-b",
    "streaming": true,
    "token_count": 32768,
    "topk_logit_margin": 0.10864827822661027
  }
}
