{"elapsed_seconds": 30.0, "progress_age_seconds": null, "progress_path": "runs/20260815-184644-windows-real-d2m-v4-streaming/fresh-selector-layer0/capture/streaming/train/progress.json", "status": "HEARTBEAT"}
{"elapsed_seconds": 60.0, "progress_age_seconds": null, "progress_path": "runs/20260815-184644-windows-real-d2m-v4-streaming/fresh-selector-layer0/capture/streaming/train/progress.json", "status": "HEARTBEAT"}
{"elapsed_seconds": 90.0, "progress_age_seconds": null, "progress_path": "runs/20260815-184644-windows-real-d2m-v4-streaming/fresh-selector-layer0/capture/streaming/train/progress.json", "status": "HEARTBEAT"}
{"elapsed_seconds": 120.0, "progress_age_seconds": null, "progress_path": "runs/20260815-184644-windows-real-d2m-v4-streaming/fresh-selector-layer0/capture/streaming/train/progress.json", "status": "HEARTBEAT"}
{"elapsed_seconds": 150.0, "progress_age_seconds": null, "progress_path": "runs/20260815-184644-windows-real-d2m-v4-streaming/fresh-selector-layer0/capture/streaming/train/progress.json", "status": "HEARTBEAT"}
{"elapsed_seconds": 192.3, "progress_age_seconds": null, "progress_path": "runs/20260815-184644-windows-real-d2m-v4-streaming/fresh-selector-layer0/capture/streaming/train/progress.json", "status": "HEARTBEAT"}
{"elapsed_seconds": 227.0, "progress_age_seconds": null, "progress_path": "runs/20260815-184644-windows-real-d2m-v4-streaming/fresh-selector-layer0/capture/streaming/train/progress.json", "status": "HEARTBEAT"}
{"elapsed_seconds": 258.2, "progress_age_seconds": null, "progress_path": "runs/20260815-184644-windows-real-d2m-v4-streaming/fresh-selector-layer0/capture/streaming/train/progress.json", "status": "HEARTBEAT"}
{"elapsed_seconds": 288.2, "progress_age_seconds": null, "progress_path": "runs/20260815-184644-windows-real-d2m-v4-streaming/fresh-selector-layer0/capture/streaming/train/progress.json", "status": "HEARTBEAT"}
{"elapsed_seconds": 318.2, "progress_age_seconds": null, "progress_path": "runs/20260815-184644-windows-real-d2m-v4-streaming/fresh-selector-layer0/capture/streaming/train/progress.json", "status": "HEARTBEAT"}
{"elapsed_seconds": 348.2, "progress_age_seconds": 4.0, "progress_path": "runs/20260815-184644-windows-real-d2m-v4-streaming/fresh-selector-layer0/capture/streaming/train/progress.json", "status": "HEARTBEAT"}
{"elapsed_seconds": 378.2, "progress_age_seconds": 1.0, "progress_path": "runs/20260815-184644-windows-real-d2m-v4-streaming/fresh-selector-layer0/capture/streaming/train/progress.json", "status": "HEARTBEAT"}
{"elapsed_seconds": 408.2, "progress_age_seconds": 0.0, "progress_path": "runs/20260815-184644-windows-real-d2m-v4-streaming/fresh-selector-layer0/capture/streaming/train/progress.json", "status": "HEARTBEAT"}
{"elapsed_seconds": 438.2, "progress_age_seconds": 2.5, "progress_path": "runs/20260815-184644-windows-real-d2m-v4-streaming/fresh-selector-layer0/capture/streaming/train/progress.json", "status": "HEARTBEAT"}
{"elapsed_seconds": 468.2, "progress_age_seconds": 2.7, "progress_path": "runs/20260815-184644-windows-real-d2m-v4-streaming/fresh-selector-layer0/capture/streaming/train/progress.json", "status": "HEARTBEAT"}
{"elapsed_seconds": 498.2, "progress_age_seconds": 0.8, "progress_path": "runs/20260815-184644-windows-real-d2m-v4-streaming/fresh-selector-layer0/capture/streaming/train/progress.json", "status": "HEARTBEAT"}
{"elapsed_seconds": 528.2, "progress_age_seconds": 2.9, "progress_path": "runs/20260815-184644-windows-real-d2m-v4-streaming/fresh-selector-layer0/capture/streaming/train/progress.json", "status": "HEARTBEAT"}
{"elapsed_seconds": 558.2, "progress_age_seconds": 0.3, "progress_path": "runs/20260815-184644-windows-real-d2m-v4-streaming/fresh-selector-layer0/capture/streaming/train/progress.json", "status": "HEARTBEAT"}
{"elapsed_seconds": 588.2, "progress_age_seconds": 1.5, "progress_path": "runs/20260815-184644-windows-real-d2m-v4-streaming/fresh-selector-layer0/capture/streaming/train/progress.json", "status": "HEARTBEAT"}
{"elapsed_seconds": 618.2, "progress_age_seconds": 2.4, "progress_path": "runs/20260815-184644-windows-real-d2m-v4-streaming/fresh-selector-layer0/capture/streaming/train/progress.json", "status": "HEARTBEAT"}
{"elapsed_seconds": 648.2, "progress_age_seconds": 12.5, "progress_path": "runs/20260815-184644-windows-real-d2m-v4-streaming/fresh-selector-layer0/capture/streaming/train/progress.json", "status": "HEARTBEAT"}
{"elapsed_seconds": 695.0, "progress_age_seconds": 0.4, "progress_path": "runs/20260815-184644-windows-real-d2m-v4-streaming/fresh-selector-layer0/capture/streaming/train/progress.json", "status": "HEARTBEAT"}
{"elapsed_seconds": 725.0, "progress_age_seconds": 2.9, "progress_path": "runs/20260815-184644-windows-real-d2m-v4-streaming/fresh-selector-layer0/capture/streaming/train/progress.json", "status": "HEARTBEAT"}
{"elapsed_seconds": 755.0, "progress_age_seconds": 6.3, "progress_path": "runs/20260815-184644-windows-real-d2m-v4-streaming/fresh-selector-layer0/capture/streaming/train/progress.json", "status": "HEARTBEAT"}
{"elapsed_seconds": 785.0, "progress_age_seconds": 1.4, "progress_path": "runs/20260815-184644-windows-real-d2m-v4-streaming/fresh-selector-layer0/capture/streaming/train/progress.json", "status": "HEARTBEAT"}
{"elapsed_seconds": 815.0, "progress_age_seconds": 31.4, "progress_path": "runs/20260815-184644-windows-real-d2m-v4-streaming/fresh-selector-layer0/capture/streaming/train/progress.json", "status": "HEARTBEAT"}
{"elapsed_seconds": 845.0, "progress_age_seconds": 61.4, "progress_path": "runs/20260815-184644-windows-real-d2m-v4-streaming/fresh-selector-layer0/capture/streaming/train/progress.json", "status": "HEARTBEAT"}
{
  "code_commit": "cfd346190a38416dc7bd97868c0d2440e9c88d6f",
  "report": "runs/20260815-184644-windows-real-d2m-v4-streaming/fresh-selector-layer0/reports/fresh-selector-layer0-capture.json",
  "status": "FRESH_LAYER0_CAPTURE_COMPLETE",
  "tokens": 300256
}
