{
  "schema_version": 1,
  "status": "WINDOWS_GUARDED_COMMAND_SMOKE_COMPLETE",
  "generated_at": "2026-08-16T19:27:50.6344286Z",
  "host_os": "Windows_NT",
  "powershell": "7.6.3",
  "python": "C:\\Users\\maste\\AppData\\Local\\Programs\\Python\\Python312\\python.exe",
  "git_head": "a22e713088237a70c82b9404ba009c2b0d87a81a",
  "cases": {
    "success": {
      "name": "windows-smoke-success",
      "status": "PASS",
      "exit_code": 0,
      "required_markers": [
        "__CMD_START__",
        "__CMD_DONE__",
        "rc=0"
      ],
      "heartbeat_count": 0,
      "output_tail": "__CMD_START__ name=windows-smoke-success timestamp=2026-08-16T19:26:47.173599+00:00\nsmoke-success\n__CMD_DONE__ name=windows-smoke-success rc=0 elapsed=0.132\n{\n  \"argv\": [\n    \"C:\\\\Users\\\\maste\\\\AppData\\\\Local\\\\Programs\\\\Python\\\\Python312\\\\python.exe\",\n    \"-c\",\n    \"print('smoke-success', flush=True)\"\n  ],\n  \"child_output_stale\": false,\n  \"elapsed_seconds\": 0.13228660001186654,\n  \"finished_at\": \"2026-08-16T19:26:47.305850+00:00\",\n  \"heartbeat_path\": null,\n  \"last_child_output_at\": \"2026-08-16T19:26:47.195625+00:00\",\n  \"name\": \"windows-smoke-success\",\n  \"ok\": true,\n  \"output_lines_dropped\": 0,\n  \"returncode\": 0,\n  \"started_at\": \"2026-08-16T19:26:47.173599+00:00\",\n  \"status\": \"DONE\",\n  \"stderr\": \"\",\n  \"stderr_bytes\": 0,\n  \"stderr_log_path\": null,\n  \"stderr_tail\": \"\",\n  \"stdout\": \"smoke-success\\n\",\n  \"stdout_bytes\": 14,\n  \"stdout_log_path\": null,\n  \"stdout_tail\": \"smoke-success\\n\",\n  \"timeout_seconds\": 30.0\n}"
    },
    "failure": {
      "name": "windows-smoke-failure",
      "status": "PASS",
      "exit_code": 1,
      "required_markers": [
        "__CMD_START__",
        "__CMD_FAILED__"
      ],
      "heartbeat_count": 0,
      "output_tail": "__CMD_START__ name=windows-smoke-failure timestamp=2026-08-16T19:26:47.449435+00:00\nsmoke-failure\n__CMD_FAILED__ name=windows-smoke-failure rc=7 elapsed=0.137\n{\n  \"argv\": [\n    \"C:\\\\Users\\\\maste\\\\AppData\\\\Local\\\\Programs\\\\Python\\\\Python312\\\\python.exe\",\n    \"-c\",\n    \"import sys; print('smoke-failure', flush=True); sys.exit(7)\"\n  ],\n  \"child_output_stale\": false,\n  \"elapsed_seconds\": 0.13658160000341013,\n  \"finished_at\": \"2026-08-16T19:26:47.586284+00:00\",\n  \"heartbeat_path\": null,\n  \"last_child_output_at\": \"2026-08-16T19:26:47.470437+00:00\",\n  \"name\": \"windows-smoke-failure\",\n  \"ok\": false,\n  \"output_lines_dropped\": 0,\n  \"returncode\": 7,\n  \"started_at\": \"2026-08-16T19:26:47.449435+00:00\",\n  \"status\": \"FAILED\",\n  \"stderr\": \"\",\n  \"stderr_bytes\": 0,\n  \"stderr_log_path\": null,\n  \"stderr_tail\": \"\",\n  \"stdout\": \"smoke-failure\\n\",\n  \"stdout_bytes\": 14,\n  \"stdout_log_path\": null,\n  \"stdout_tail\": \"smoke-failure\\n\",\n  \"timeout_seconds\": 30.0\n}"
    },
    "timeout": {
      "name": "windows-smoke-timeout-tree",
      "status": "PASS",
      "exit_code": 1,
      "required_markers": [
        "__CMD_START__",
        "__CMD_TIMEOUT__"
      ],
      "heartbeat_count": 0,
      "output_tail": "__CMD_START__ name=windows-smoke-timeout-tree timestamp=2026-08-16T19:26:47.696642+00:00\n__CMD_TIMEOUT__ name=windows-smoke-timeout-tree elapsed=2.386\n{\n  \"argv\": [\n    \"C:\\\\Users\\\\maste\\\\AppData\\\\Local\\\\Programs\\\\Python\\\\Python312\\\\python.exe\",\n    \"-c\",\n    \"import os,subprocess,sys,time; p=subprocess.Popen([sys.executable,'-c','import time; time.sleep(300)']); open(os.environ['D2M_SMOKE_PID_FILE'],'w').write(str(p.pid)); time.sleep(300)\"\n  ],\n  \"child_output_stale\": false,\n  \"elapsed_seconds\": 2.3856897999648936,\n  \"finished_at\": \"2026-08-16T19:26:50.082607+00:00\",\n  \"heartbeat_path\": null,\n  \"last_child_output_at\": null,\n  \"name\": \"windows-smoke-timeout-tree\",\n  \"ok\": false,\n  \"output_lines_dropped\": 0,\n  \"returncode\": 1,\n  \"started_at\": \"2026-08-16T19:26:47.696642+00:00\",\n  \"status\": \"TIMEOUT\",\n  \"stderr\": \"\",\n  \"stderr_bytes\": 0,\n  \"stderr_log_path\": null,\n  \"stderr_tail\": \"\",\n  \"stdout\": \"\",\n  \"stdout_bytes\": 0,\n  \"stdout_log_path\": null,\n  \"stdout_tail\": \"\",\n  \"timeout_seconds\": 2.0\n}",
      "descendant_pid": 41484,
      "descendant_terminated": true
    },
    "heartbeat": {
      "name": "windows-smoke-heartbeat",
      "status": "PASS",
      "exit_code": 0,
      "required_markers": [
        "__CMD_START__",
        "__HEARTBEAT__",
        "__CMD_DONE__"
      ],
      "heartbeat_count": 5,
      "output_tail": "progress=unknown last_child_output_age_seconds=10.078378600010183 stdout_bytes=21 stderr_bytes=0 child_output_stale=False\n__HEARTBEAT__ task=windows-smoke-heartbeat elapsed=20.197 progress=unknown last_child_output_age_seconds=20.172132700041402 stdout_bytes=21 stderr_bytes=0 child_output_stale=False\n__HEARTBEAT__ task=windows-smoke-heartbeat elapsed=30.279 progress=unknown last_child_output_age_seconds=30.254415000032168 stdout_bytes=21 stderr_bytes=0 child_output_stale=False\n__HEARTBEAT__ task=windows-smoke-heartbeat elapsed=40.309 progress=unknown last_child_output_age_seconds=40.28502790001221 stdout_bytes=21 stderr_bytes=0 child_output_stale=False\n__HEARTBEAT__ task=windows-smoke-heartbeat elapsed=50.342 progress=unknown last_child_output_age_seconds=50.317383700050414 stdout_bytes=21 stderr_bytes=0 child_output_stale=False\nchild-progress-done\n__CMD_DONE__ name=windows-smoke-heartbeat rc=0 elapsed=60.137\n{\n  \"argv\": [\n    \"C:\\\\Users\\\\maste\\\\AppData\\\\Local\\\\Programs\\\\Python\\\\Python312\\\\python.exe\",\n    \"-c\",\n    \"import time; print('child-progress-start', flush=True); time.sleep(60); print('child-progress-done', flush=True)\"\n  ],\n  \"child_output_stale\": false,\n  \"elapsed_seconds\": 60.136501000029966,\n  \"finished_at\": \"2026-08-16T19:27:50.372327+00:00\",\n  \"heartbeat_path\": \"C:\\\\workplace\\\\llm_playground\\\\docs\\\\guarded-command-smoke\\\\heartbeat.json\",\n  \"last_child_output_at\": \"2026-08-16T19:27:50.261045+00:00\",\n  \"name\": \"windows-smoke-heartbeat\",\n  \"ok\": true,\n  \"output_lines_dropped\": 0,\n  \"returncode\": 0,\n  \"started_at\": \"2026-08-16T19:26:50.235545+00:00\",\n  \"status\": \"DONE\",\n  \"stderr\": \"\",\n  \"stderr_bytes\": 0,\n  \"stderr_log_path\": \"C:\\\\workplace\\\\llm_playground\\\\docs\\\\guarded-command-smoke\\\\heartbeat.stderr.log\",\n  \"stderr_tail\": \"\",\n  \"stdout\": \"child-progress-start\\nchild-progress-done\\n\",\n  \"stdout_bytes\": 41,\n  \"stdout_log_path\": \"C:\\\\workplace\\\\llm_playground\\\\docs\\\\guarded-command-smoke\\\\heartbeat.stdout.log\",\n  \"stdout_tail\": \"child-progress-start\\nchild-progress-done\\n\",\n  \"timeout_seconds\": 90.0\n}",
      "heartbeat_status": "SUCCESS",
      "stdout_bytes": 41,
      "child_output_stale": false
    },
    "git": {
      "name": "windows-smoke-git",
      "status": "PASS",
      "exit_code": 0,
      "required_markers": [
        "__CMD_START__",
        "__CMD_DONE__"
      ],
      "heartbeat_count": 0,
      "output_tail": "__CMD_START__ name=windows-smoke-git timestamp=2026-08-16T19:27:50.494379+00:00\na22e713088237a70c82b9404ba009c2b0d87a81a\n__CMD_DONE__ name=windows-smoke-git rc=0 elapsed=0.126\n{\n  \"argv\": [\n    \"git\",\n    \"--no-pager\",\n    \"log\",\n    \"-1\",\n    \"--format=%H\"\n  ],\n  \"child_output_stale\": false,\n  \"elapsed_seconds\": 0.12609559996053576,\n  \"finished_at\": \"2026-08-16T19:27:50.620808+00:00\",\n  \"heartbeat_path\": null,\n  \"last_child_output_at\": \"2026-08-16T19:27:50.516716+00:00\",\n  \"name\": \"windows-smoke-git\",\n  \"ok\": true,\n  \"output_lines_dropped\": 0,\n  \"returncode\": 0,\n  \"started_at\": \"2026-08-16T19:27:50.494379+00:00\",\n  \"status\": \"DONE\",\n  \"stderr\": \"\",\n  \"stderr_bytes\": 0,\n  \"stderr_log_path\": null,\n  \"stderr_tail\": \"\",\n  \"stdout\": \"a22e713088237a70c82b9404ba009c2b0d87a81a\\n\",\n  \"stdout_bytes\": 41,\n  \"stdout_log_path\": null,\n  \"stdout_tail\": \"a22e713088237a70c82b9404ba009c2b0d87a81a\\n\",\n  \"timeout_seconds\": 30.0\n}"
    }
  }
}
