{
  "output": "runs/20260815-184644-windows-real-d2m-v4-streaming/reports/load-aware-p32-pool14-fit.json",
  "results": [
    {
      "active_intermediate_width": 3072,
      "assurance": "bounded_correlation_candidate_pool",
      "candidate_batch_size": 64,
      "candidate_chunk_size": 1001,
      "candidate_error_storage": "ram",
      "candidate_fit_exact": false,
      "candidate_id_storage": "ram",
      "candidate_pool_size": 14,
      "candidate_storage_ephemeral": false,
      "coefficient_solver": "batched_projected_float32_candidate_scoring_with_exact_active_face_selected_refit",
      "combinations_considered_per_token": 1001,
      "cosine": 0.8316013393201178,
      "dead_experts": 9,
      "effective_candidate_pool_size": 14,
      "exact_or_bounded": "bounded_correlation_candidate_pool",
      "exact_oracle_cosine": 0.9194680212490317,
      "exact_oracle_global_nmse": 0.08482978472610501,
      "expert_usage_counts": [
        0,
        0,
        0,
        0,
        0,
        0,
        0,
        0,
        0,
        93,
        257,
        301,
        62,
        239,
        183,
        171,
        152,
        90,
        106,
        85,
        50,
        36,
        53,
        32,
        35,
        27,
        28,
        21,
        17,
        6,
        3,
        1
      ],
      "feasible_load_target": false,
      "ffn_reduction": 0.8235294117647058,
      "global_nmse": 0.20294778580742237,
      "green_gate": false,
      "hard_feasible": false,
      "hard_quartile_cosine": 0.789762445473261,
      "input": "runs/20260815-184644-windows-real-d2m-v4-streaming/evidence/contribution-stores/p32-top4-fit-stratified-512",
      "input_array_paths": {
        "routed": "runs/20260815-184644-windows-real-d2m-v4-streaming/evidence/contribution-stores/p32-top4-fit-stratified-512/routed.npy",
        "shared": "runs/20260815-184644-windows-real-d2m-v4-streaming/evidence/contribution-stores/p32-top4-fit-stratified-512/shared.npy",
        "target": "runs/20260815-184644-windows-real-d2m-v4-streaming/evidence/contribution-stores/p32-top4-fit-stratified-512/target.npy"
      },
      "input_batch_bytes": 44834816,
      "input_bytes_per_token": 700544,
      "input_format": "npy_memmap",
      "input_manifest": "runs/20260815-184644-windows-real-d2m-v4-streaming/evidence/contribution-stores/p32-top4-fit-stratified-512/manifest.json",
      "input_manifest_sha256": "65fbc1b76cd463732442d9791ab931689e1dcb8bae37f07d0993b5053ae41546",
      "load_constrained_oracle_cosine": 0.8316013393201178,
      "load_constrained_oracle_cv": 1.2918116990569146,
      "load_cv": 1.2918116990569146,
      "max_combinations": 4096,
      "oracle_hard_quartile_cosine": 0.9189029962847808,
      "oracle_load_cv": 1.5970831031842276,
      "pareto": [
        {
          "cosine": 0.8316013393201178,
          "dead_experts": 9,
          "expert_usage_counts": [
            0,
            0,
            0,
            0,
            0,
            0,
            0,
            0,
            0,
            93,
            257,
            301,
            62,
            239,
            183,
            171,
            152,
            90,
            106,
            85,
            50,
            36,
            53,
            32,
            35,
            27,
            28,
            21,
            17,
            6,
            3,
            1
          ],
          "feasible_load_target": false,
          "global_nmse": 0.20294778580742237,
          "green_gate": false,
          "hard_feasible": false,
          "hard_quartile_cosine": 0.789762445473261,
          "iterations": 32,
          "load_cv": 1.2918116990569146,
          "mean_token_relative_mse": 0.3078953407055906,
          "penalty": 0.05
        },
        {
          "cosine": 0.8316013393201178,
          "dead_experts": 9,
          "expert_usage_counts": [
            0,
            0,
            0,
            0,
            0,
            0,
            0,
            0,
            0,
            93,
            257,
            301,
            62,
            239,
            183,
            171,
            152,
            90,
            106,
            85,
            50,
            36,
            53,
            32,
            35,
            27,
            28,
            21,
            17,
            6,
            3,
            1
          ],
          "feasible_load_target": false,
          "global_nmse": 0.20294778580742237,
          "green_gate": false,
          "hard_feasible": false,
          "hard_quartile_cosine": 0.789762445473261,
          "iterations": 32,
          "load_cv": 1.2918116990569146,
          "mean_token_relative_mse": 0.3078953407055906,
          "penalty": 0.1
        },
        {
          "cosine": 0.8316013393201178,
          "dead_experts": 9,
          "expert_usage_counts": [
            0,
            0,
            0,
            0,
            0,
            0,
            0,
            0,
            0,
            93,
            257,
            301,
            62,
            239,
            183,
            171,
            152,
            90,
            106,
            85,
            50,
            36,
            53,
            32,
            35,
            27,
            28,
            21,
            17,
            6,
            3,
            1
          ],
          "feasible_load_target": false,
          "global_nmse": 0.20294778580742237,
          "green_gate": false,
          "hard_feasible": false,
          "hard_quartile_cosine": 0.789762445473261,
          "iterations": 32,
          "load_cv": 1.2918116990569146,
          "mean_token_relative_mse": 0.3078953407055906,
          "penalty": 0.25
        },
        {
          "cosine": 0.8316013393201178,
          "dead_experts": 9,
          "expert_usage_counts": [
            0,
            0,
            0,
            0,
            0,
            0,
            0,
            0,
            0,
            93,
            257,
            301,
            62,
            239,
            183,
            171,
            152,
            90,
            106,
            85,
            50,
            36,
            53,
            32,
            35,
            27,
            28,
            21,
            17,
            6,
            3,
            1
          ],
          "feasible_load_target": false,
          "global_nmse": 0.20294778580742237,
          "green_gate": false,
          "hard_feasible": false,
          "hard_quartile_cosine": 0.789762445473261,
          "iterations": 32,
          "load_cv": 1.2918116990569146,
          "mean_token_relative_mse": 0.3078953407055906,
          "penalty": 0.5
        },
        {
          "cosine": 0.8316013393201178,
          "dead_experts": 9,
          "expert_usage_counts": [
            0,
            0,
            0,
            0,
            0,
            0,
            0,
            0,
            0,
            93,
            257,
            301,
            62,
            239,
            183,
            171,
            152,
            90,
            106,
            85,
            50,
            36,
            53,
            32,
            35,
            27,
            28,
            21,
            17,
            6,
            3,
            1
          ],
          "feasible_load_target": false,
          "global_nmse": 0.20294778580742237,
          "green_gate": false,
          "hard_feasible": false,
          "hard_quartile_cosine": 0.789762445473261,
          "iterations": 32,
          "load_cv": 1.2918116990569146,
          "mean_token_relative_mse": 0.3078953407055906,
          "penalty": 1.0
        },
        {
          "cosine": 0.8316013393201178,
          "dead_experts": 9,
          "expert_usage_counts": [
            0,
            0,
            0,
            0,
            0,
            0,
            0,
            0,
            0,
            93,
            257,
            301,
            62,
            239,
            183,
            171,
            152,
            90,
            106,
            85,
            50,
            36,
            53,
            32,
            35,
            27,
            28,
            21,
            17,
            6,
            3,
            1
          ],
          "feasible_load_target": false,
          "global_nmse": 0.20294778580742237,
          "green_gate": false,
          "hard_feasible": false,
          "hard_quartile_cosine": 0.789762445473261,
          "iterations": 32,
          "load_cv": 1.2918116990569146,
          "mean_token_relative_mse": 0.3078953407055906,
          "penalty": 2.0
        },
        {
          "cosine": 0.9194680212490317,
          "dead_experts": 2,
          "expert_usage_counts": [
            360,
            300,
            330,
            267,
            153,
            147,
            70,
            71,
            65,
            38,
            35,
            22,
            38,
            16,
            14,
            13,
            19,
            12,
            11,
            12,
            8,
            10,
            3,
            10,
            11,
            3,
            2,
            3,
            4,
            1,
            0,
            0
          ],
          "feasible_load_target": false,
          "global_nmse": 0.08482978472610501,
          "green_gate": false,
          "hard_feasible": false,
          "hard_quartile_cosine": 0.9189029962847808,
          "iterations": 32,
          "load_cv": 1.5970831031842276,
          "mean_token_relative_mse": 0.1517653829492768,
          "penalty": 0.0
        }
      ],
      "profile": "p32",
      "requested_batch_size": 64,
      "selected_penalty": 0.05,
      "tokens": 512,
      "top_k": 4,
      "topology": "p32/top4"
    },
    {
      "active_intermediate_width": 3584,
      "assurance": "bounded_correlation_candidate_pool",
      "candidate_batch_size": 64,
      "candidate_chunk_size": 2002,
      "candidate_error_storage": "ram",
      "candidate_fit_exact": false,
      "candidate_id_storage": "ram",
      "candidate_pool_size": 14,
      "candidate_storage_ephemeral": false,
      "coefficient_solver": "batched_projected_float32_candidate_scoring_with_exact_active_face_selected_refit",
      "combinations_considered_per_token": 2002,
      "cosine": 0.8503142736156593,
      "dead_experts": 9,
      "effective_candidate_pool_size": 14,
      "exact_or_bounded": "bounded_correlation_candidate_pool",
      "exact_oracle_cosine": 0.9302173347329943,
      "exact_oracle_global_nmse": 0.0734975534832,
      "expert_usage_counts": [
        0,
        0,
        0,
        0,
        0,
        0,
        0,
        0,
        0,
        231,
        301,
        340,
        311,
        247,
        192,
        178,
        166,
        93,
        103,
        87,
        51,
        36,
        53,
        32,
        36,
        27,
        28,
        21,
        17,
        6,
        3,
        1
      ],
      "feasible_load_target": false,
      "ffn_reduction": 0.7941176470588236,
      "global_nmse": 0.18006431457500094,
      "green_gate": false,
      "hard_feasible": false,
      "hard_quartile_cosine": 0.8119833863813242,
      "input": "runs/20260815-184644-windows-real-d2m-v4-streaming/evidence/contribution-stores/p32-top5-fit-stratified-512",
      "input_array_paths": {
        "routed": "runs/20260815-184644-windows-real-d2m-v4-streaming/evidence/contribution-stores/p32-top5-fit-stratified-512/routed.npy",
        "shared": "runs/20260815-184644-windows-real-d2m-v4-streaming/evidence/contribution-stores/p32-top5-fit-stratified-512/shared.npy",
        "target": "runs/20260815-184644-windows-real-d2m-v4-streaming/evidence/contribution-stores/p32-top5-fit-stratified-512/target.npy"
      },
      "input_batch_bytes": 44834816,
      "input_bytes_per_token": 700544,
      "input_format": "npy_memmap",
      "input_manifest": "runs/20260815-184644-windows-real-d2m-v4-streaming/evidence/contribution-stores/p32-top5-fit-stratified-512/manifest.json",
      "input_manifest_sha256": "2be8c74066e96f7e51857825b57c1351e7c348acc7ad9fc8af498435b40180b7",
      "load_constrained_oracle_cosine": 0.8503142736156593,
      "load_constrained_oracle_cv": 1.3011750999096932,
      "load_cv": 1.3011750999096932,
      "max_combinations": 4096,
      "oracle_hard_quartile_cosine": 0.9301247209441129,
      "oracle_load_cv": 1.476727008031613,
      "pareto": [
        {
          "cosine": 0.8503142736156593,
          "dead_experts": 9,
          "expert_usage_counts": [
            0,
            0,
            0,
            0,
            0,
            0,
            0,
            0,
            0,
            231,
            301,
            340,
            311,
            247,
            192,
            178,
            166,
            93,
            103,
            87,
            51,
            36,
            53,
            32,
            36,
            27,
            28,
            21,
            17,
            6,
            3,
            1
          ],
          "feasible_load_target": false,
          "global_nmse": 0.18006431457500094,
          "green_gate": false,
          "hard_feasible": false,
          "hard_quartile_cosine": 0.8119833863813242,
          "iterations": 32,
          "load_cv": 1.3011750999096932,
          "mean_token_relative_mse": 0.2751333391649864,
          "penalty": 0.05
        },
        {
          "cosine": 0.8503142736156593,
          "dead_experts": 9,
          "expert_usage_counts": [
            0,
            0,
            0,
            0,
            0,
            0,
            0,
            0,
            0,
            231,
            301,
            340,
            311,
            247,
            192,
            178,
            166,
            93,
            103,
            87,
            51,
            36,
            53,
            32,
            36,
            27,
            28,
            21,
            17,
            6,
            3,
            1
          ],
          "feasible_load_target": false,
          "global_nmse": 0.18006431457500094,
          "green_gate": false,
          "hard_feasible": false,
          "hard_quartile_cosine": 0.8119833863813242,
          "iterations": 32,
          "load_cv": 1.3011750999096932,
          "mean_token_relative_mse": 0.2751333391649864,
          "penalty": 0.1
        },
        {
          "cosine": 0.8503142736156593,
          "dead_experts": 9,
          "expert_usage_counts": [
            0,
            0,
            0,
            0,
            0,
            0,
            0,
            0,
            0,
            231,
            301,
            340,
            311,
            247,
            192,
            178,
            166,
            93,
            103,
            87,
            51,
            36,
            53,
            32,
            36,
            27,
            28,
            21,
            17,
            6,
            3,
            1
          ],
          "feasible_load_target": false,
          "global_nmse": 0.18006431457500094,
          "green_gate": false,
          "hard_feasible": false,
          "hard_quartile_cosine": 0.8119833863813242,
          "iterations": 32,
          "load_cv": 1.3011750999096932,
          "mean_token_relative_mse": 0.2751333391649864,
          "penalty": 0.25
        },
        {
          "cosine": 0.8503142736156593,
          "dead_experts": 9,
          "expert_usage_counts": [
            0,
            0,
            0,
            0,
            0,
            0,
            0,
            0,
            0,
            231,
            301,
            340,
            311,
            247,
            192,
            178,
            166,
            93,
            103,
            87,
            51,
            36,
            53,
            32,
            36,
            27,
            28,
            21,
            17,
            6,
            3,
            1
          ],
          "feasible_load_target": false,
          "global_nmse": 0.18006431457500094,
          "green_gate": false,
          "hard_feasible": false,
          "hard_quartile_cosine": 0.8119833863813242,
          "iterations": 32,
          "load_cv": 1.3011750999096932,
          "mean_token_relative_mse": 0.2751333391649864,
          "penalty": 0.5
        },
        {
          "cosine": 0.8503142736156593,
          "dead_experts": 9,
          "expert_usage_counts": [
            0,
            0,
            0,
            0,
            0,
            0,
            0,
            0,
            0,
            231,
            301,
            340,
            311,
            247,
            192,
            178,
            166,
            93,
            103,
            87,
            51,
            36,
            53,
            32,
            36,
            27,
            28,
            21,
            17,
            6,
            3,
            1
          ],
          "feasible_load_target": false,
          "global_nmse": 0.18006431457500094,
          "green_gate": false,
          "hard_feasible": false,
          "hard_quartile_cosine": 0.8119833863813242,
          "iterations": 32,
          "load_cv": 1.3011750999096932,
          "mean_token_relative_mse": 0.2751333391649864,
          "penalty": 1.0
        },
        {
          "cosine": 0.8503142736156593,
          "dead_experts": 9,
          "expert_usage_counts": [
            0,
            0,
            0,
            0,
            0,
            0,
            0,
            0,
            0,
            231,
            301,
            340,
            311,
            247,
            192,
            178,
            166,
            93,
            103,
            87,
            51,
            36,
            53,
            32,
            36,
            27,
            28,
            21,
            17,
            6,
            3,
            1
          ],
          "feasible_load_target": false,
          "global_nmse": 0.18006431457500094,
          "green_gate": false,
          "hard_feasible": false,
          "hard_quartile_cosine": 0.8119833863813242,
          "iterations": 32,
          "load_cv": 1.3011750999096932,
          "mean_token_relative_mse": 0.2751333391649864,
          "penalty": 2.0
        },
        {
          "cosine": 0.9302173347329943,
          "dead_experts": 0,
          "expert_usage_counts": [
            391,
            343,
            383,
            335,
            209,
            190,
            104,
            96,
            90,
            61,
            53,
            36,
            51,
            23,
            21,
            16,
            26,
            17,
            21,
            18,
            11,
            10,
            8,
            11,
            12,
            7,
            3,
            5,
            6,
            1,
            1,
            1
          ],
          "feasible_load_target": false,
          "global_nmse": 0.0734975534832,
          "green_gate": false,
          "hard_feasible": false,
          "hard_quartile_cosine": 0.9301247209441129,
          "iterations": 32,
          "load_cv": 1.476727008031613,
          "mean_token_relative_mse": 0.13233995003454496,
          "penalty": 0.0
        }
      ],
      "profile": "p32",
      "requested_batch_size": 64,
      "selected_penalty": 0.05,
      "tokens": 512,
      "top_k": 5,
      "topology": "p32/top5"
    }
  ],
  "status": "LOAD_AWARE_ORACLE_COMPLETE"
}
