{
  "output": "runs/20260815-184644-windows-real-d2m-v4-streaming/reports/load-aware-real-store-p16-fit-1024.json",
  "results": [
    {
      "active_intermediate_width": 5120,
      "assurance": "exact_candidate_sets",
      "candidate_batch_size": 726,
      "candidate_chunk_size": 1,
      "candidate_error_storage": "memmap",
      "candidate_fit_exact": false,
      "candidate_id_storage": "global",
      "candidate_pool_size": 16,
      "candidate_storage_ephemeral": false,
      "coefficient_solver": "batched_projected_float32_candidate_scoring_with_exact_active_face_selected_refit",
      "combinations_considered_per_token": 1820,
      "cosine": 0.9468026139765952,
      "dead_experts": 0,
      "effective_candidate_pool_size": 16,
      "exact_or_bounded": "exact_candidate_sets",
      "exact_oracle_cosine": 0.9468026139765952,
      "exact_oracle_global_nmse": 0.04575237803126283,
      "expert_usage_counts": [
        926,
        930,
        725,
        509,
        339,
        167,
        164,
        71,
        58,
        59,
        36,
        31,
        27,
        32,
        20,
        2
      ],
      "feasible_load_target": false,
      "ffn_reduction": 0.7058823529411764,
      "global_nmse": 0.04575237803126283,
      "green_gate": false,
      "hard_feasible": false,
      "hard_quartile_cosine": 0.9485886461548146,
      "input": "runs/20260815-184644-windows-real-d2m-v4-streaming/evidence/contribution-stores/p16-top4-fit-1024",
      "input_array_paths": {
        "routed": "runs/20260815-184644-windows-real-d2m-v4-streaming/evidence/contribution-stores/p16-top4-fit-1024/routed.npy",
        "shared": "runs/20260815-184644-windows-real-d2m-v4-streaming/evidence/contribution-stores/p16-top4-fit-1024/shared.npy",
        "target": "runs/20260815-184644-windows-real-d2m-v4-streaming/evidence/contribution-stores/p16-top4-fit-1024/target.npy"
      },
      "input_batch_bytes": 268422528,
      "input_bytes_per_token": 369728,
      "input_format": "npy_memmap",
      "input_manifest": "runs/20260815-184644-windows-real-d2m-v4-streaming/evidence/contribution-stores/p16-top4-fit-1024/manifest.json",
      "input_manifest_sha256": "89ffc9845a8f51a9a312c27fef026f2aca09ff56c9415ecedd14b5c02b458a60",
      "load_constrained_oracle_cosine": 0.9468026139765952,
      "load_constrained_oracle_cv": 1.2523293725781068,
      "load_cv": 1.2523293725781068,
      "max_combinations": 4096,
      "oracle_hard_quartile_cosine": 0.9485886461548146,
      "oracle_load_cv": 1.2523293725781068,
      "pareto": [
        {
          "cosine": 0.9468026139765952,
          "dead_experts": 0,
          "expert_usage_counts": [
            926,
            930,
            725,
            509,
            339,
            167,
            164,
            71,
            58,
            59,
            36,
            31,
            27,
            32,
            20,
            2
          ],
          "feasible_load_target": false,
          "global_nmse": 0.04575237803126283,
          "green_gate": false,
          "hard_feasible": false,
          "hard_quartile_cosine": 0.9485886461548146,
          "iterations": 2,
          "load_cv": 1.2523293725781068,
          "mean_token_relative_mse": 0.10206598213468487,
          "penalty": 0.0
        },
        {
          "cosine": 0.9468026139765952,
          "dead_experts": 0,
          "expert_usage_counts": [
            926,
            930,
            725,
            509,
            339,
            167,
            164,
            71,
            58,
            59,
            36,
            31,
            27,
            32,
            20,
            2
          ],
          "feasible_load_target": false,
          "global_nmse": 0.04575237803126283,
          "green_gate": false,
          "hard_feasible": false,
          "hard_quartile_cosine": 0.9485886461548146,
          "iterations": 2,
          "load_cv": 1.2523293725781068,
          "mean_token_relative_mse": 0.10206598213468487,
          "penalty": 0.05
        },
        {
          "cosine": 0.9468026139765952,
          "dead_experts": 0,
          "expert_usage_counts": [
            926,
            930,
            725,
            509,
            339,
            167,
            164,
            71,
            58,
            59,
            36,
            31,
            27,
            32,
            20,
            2
          ],
          "feasible_load_target": false,
          "global_nmse": 0.04575237803126283,
          "green_gate": false,
          "hard_feasible": false,
          "hard_quartile_cosine": 0.9485886461548146,
          "iterations": 2,
          "load_cv": 1.2523293725781068,
          "mean_token_relative_mse": 0.10206598213468487,
          "penalty": 0.1
        },
        {
          "cosine": 0.9468026139765952,
          "dead_experts": 0,
          "expert_usage_counts": [
            926,
            930,
            725,
            509,
            339,
            167,
            164,
            71,
            58,
            59,
            36,
            31,
            27,
            32,
            20,
            2
          ],
          "feasible_load_target": false,
          "global_nmse": 0.04575237803126283,
          "green_gate": false,
          "hard_feasible": false,
          "hard_quartile_cosine": 0.9485886461548146,
          "iterations": 2,
          "load_cv": 1.2523293725781068,
          "mean_token_relative_mse": 0.10206598213468487,
          "penalty": 0.25
        },
        {
          "cosine": 0.9468026139765952,
          "dead_experts": 0,
          "expert_usage_counts": [
            926,
            930,
            725,
            509,
            339,
            167,
            164,
            71,
            58,
            59,
            36,
            31,
            27,
            32,
            20,
            2
          ],
          "feasible_load_target": false,
          "global_nmse": 0.04575237803126283,
          "green_gate": false,
          "hard_feasible": false,
          "hard_quartile_cosine": 0.9485886461548146,
          "iterations": 2,
          "load_cv": 1.2523293725781068,
          "mean_token_relative_mse": 0.10206598213468487,
          "penalty": 0.5
        },
        {
          "cosine": 0.9468026139765952,
          "dead_experts": 0,
          "expert_usage_counts": [
            926,
            930,
            725,
            509,
            339,
            167,
            164,
            71,
            58,
            59,
            36,
            31,
            27,
            32,
            20,
            2
          ],
          "feasible_load_target": false,
          "global_nmse": 0.04575237803126283,
          "green_gate": false,
          "hard_feasible": false,
          "hard_quartile_cosine": 0.9485886461548146,
          "iterations": 2,
          "load_cv": 1.2523293725781068,
          "mean_token_relative_mse": 0.10206598213468487,
          "penalty": 1.0
        },
        {
          "cosine": 0.9468026139765952,
          "dead_experts": 0,
          "expert_usage_counts": [
            926,
            930,
            725,
            509,
            339,
            167,
            164,
            71,
            58,
            59,
            36,
            31,
            27,
            32,
            20,
            2
          ],
          "feasible_load_target": false,
          "global_nmse": 0.04575237803126283,
          "green_gate": false,
          "hard_feasible": false,
          "hard_quartile_cosine": 0.9485886461548146,
          "iterations": 2,
          "load_cv": 1.2523293725781068,
          "mean_token_relative_mse": 0.10206598213468487,
          "penalty": 2.0
        }
      ],
      "profile": "p16",
      "requested_batch_size": 1024,
      "selected_penalty": 0.0,
      "tokens": 1024,
      "top_k": 4,
      "topology": "p16/top4"
    }
  ],
  "status": "LOAD_AWARE_ORACLE_COMPLETE"
}
