{
  "output": "runs/20260815-184644-windows-real-d2m-v4-streaming/reports/load-aware-p32-top5-fit.json",
  "results": [
    {
      "active_intermediate_width": 3584,
      "assurance": "bounded_correlation_candidate_pool",
      "candidate_batch_size": 64,
      "candidate_chunk_size": 792,
      "candidate_error_storage": "ram",
      "candidate_fit_exact": false,
      "candidate_id_storage": "ram",
      "candidate_pool_size": 12,
      "candidate_storage_ephemeral": false,
      "coefficient_solver": "batched_projected_float32_candidate_scoring_with_exact_active_face_selected_refit",
      "combinations_considered_per_token": 792,
      "cosine": 0.8651547928478014,
      "dead_experts": 7,
      "effective_candidate_pool_size": 12,
      "exact_or_bounded": "bounded_correlation_candidate_pool",
      "exact_oracle_cosine": 0.9302117500558043,
      "exact_oracle_global_nmse": 0.07350402632022891,
      "expert_usage_counts": [
        0,
        0,
        0,
        0,
        0,
        0,
        0,
        236,
        328,
        321,
        280,
        248,
        253,
        166,
        130,
        96,
        102,
        63,
        67,
        57,
        36,
        28,
        35,
        25,
        23,
        15,
        19,
        14,
        10,
        4,
        3,
        1
      ],
      "feasible_load_target": false,
      "ffn_reduction": 0.7941176470588236,
      "global_nmse": 0.15756713111469872,
      "green_gate": false,
      "hard_feasible": false,
      "hard_quartile_cosine": 0.8322299004670036,
      "input": "runs/20260815-184644-windows-real-d2m-v4-streaming/evidence/contribution-stores/p32-top5-fit-stratified-512",
      "input_array_paths": {
        "routed": "runs/20260815-184644-windows-real-d2m-v4-streaming/evidence/contribution-stores/p32-top5-fit-stratified-512/routed.npy",
        "shared": "runs/20260815-184644-windows-real-d2m-v4-streaming/evidence/contribution-stores/p32-top5-fit-stratified-512/shared.npy",
        "target": "runs/20260815-184644-windows-real-d2m-v4-streaming/evidence/contribution-stores/p32-top5-fit-stratified-512/target.npy"
      },
      "input_batch_bytes": 44834816,
      "input_bytes_per_token": 700544,
      "input_format": "npy_memmap",
      "input_manifest": "runs/20260815-184644-windows-real-d2m-v4-streaming/evidence/contribution-stores/p32-top5-fit-stratified-512/manifest.json",
      "input_manifest_sha256": "2be8c74066e96f7e51857825b57c1351e7c348acc7ad9fc8af498435b40180b7",
      "load_constrained_oracle_cosine": 0.8651547928478014,
      "load_constrained_oracle_cv": 1.3008861162684457,
      "load_cv": 1.3008861162684457,
      "max_combinations": 4096,
      "oracle_hard_quartile_cosine": 0.9301160479058647,
      "oracle_load_cv": 1.4776558452071984,
      "pareto": [
        {
          "cosine": 0.8651547928478014,
          "dead_experts": 7,
          "expert_usage_counts": [
            0,
            0,
            0,
            0,
            0,
            0,
            0,
            236,
            328,
            321,
            280,
            248,
            253,
            166,
            130,
            96,
            102,
            63,
            67,
            57,
            36,
            28,
            35,
            25,
            23,
            15,
            19,
            14,
            10,
            4,
            3,
            1
          ],
          "feasible_load_target": false,
          "global_nmse": 0.15756713111469872,
          "green_gate": false,
          "hard_feasible": false,
          "hard_quartile_cosine": 0.8322299004670036,
          "iterations": 8,
          "load_cv": 1.3008861162684457,
          "mean_token_relative_mse": 0.24861129300035498,
          "penalty": 0.05
        },
        {
          "cosine": 0.8651547928478014,
          "dead_experts": 7,
          "expert_usage_counts": [
            0,
            0,
            0,
            0,
            0,
            0,
            0,
            236,
            328,
            321,
            280,
            248,
            253,
            166,
            130,
            96,
            102,
            63,
            67,
            57,
            36,
            28,
            35,
            25,
            23,
            15,
            19,
            14,
            10,
            4,
            3,
            1
          ],
          "feasible_load_target": false,
          "global_nmse": 0.15756713111469872,
          "green_gate": false,
          "hard_feasible": false,
          "hard_quartile_cosine": 0.8322299004670036,
          "iterations": 8,
          "load_cv": 1.3008861162684457,
          "mean_token_relative_mse": 0.24861129300035498,
          "penalty": 0.1
        },
        {
          "cosine": 0.8651547928478014,
          "dead_experts": 7,
          "expert_usage_counts": [
            0,
            0,
            0,
            0,
            0,
            0,
            0,
            236,
            328,
            321,
            280,
            248,
            253,
            166,
            130,
            96,
            102,
            63,
            67,
            57,
            36,
            28,
            35,
            25,
            23,
            15,
            19,
            14,
            10,
            4,
            3,
            1
          ],
          "feasible_load_target": false,
          "global_nmse": 0.15756713111469872,
          "green_gate": false,
          "hard_feasible": false,
          "hard_quartile_cosine": 0.8322299004670036,
          "iterations": 8,
          "load_cv": 1.3008861162684457,
          "mean_token_relative_mse": 0.24861129300035498,
          "penalty": 0.25
        },
        {
          "cosine": 0.8651547928478014,
          "dead_experts": 7,
          "expert_usage_counts": [
            0,
            0,
            0,
            0,
            0,
            0,
            0,
            236,
            328,
            321,
            280,
            248,
            253,
            166,
            130,
            96,
            102,
            63,
            67,
            57,
            36,
            28,
            35,
            25,
            23,
            15,
            19,
            14,
            10,
            4,
            3,
            1
          ],
          "feasible_load_target": false,
          "global_nmse": 0.15756713111469872,
          "green_gate": false,
          "hard_feasible": false,
          "hard_quartile_cosine": 0.8322299004670036,
          "iterations": 8,
          "load_cv": 1.3008861162684457,
          "mean_token_relative_mse": 0.24861129300035498,
          "penalty": 0.5
        },
        {
          "cosine": 0.8651547928478014,
          "dead_experts": 7,
          "expert_usage_counts": [
            0,
            0,
            0,
            0,
            0,
            0,
            0,
            236,
            328,
            321,
            280,
            248,
            253,
            166,
            130,
            96,
            102,
            63,
            67,
            57,
            36,
            28,
            35,
            25,
            23,
            15,
            19,
            14,
            10,
            4,
            3,
            1
          ],
          "feasible_load_target": false,
          "global_nmse": 0.15756713111469872,
          "green_gate": false,
          "hard_feasible": false,
          "hard_quartile_cosine": 0.8322299004670036,
          "iterations": 8,
          "load_cv": 1.3008861162684457,
          "mean_token_relative_mse": 0.24861129300035498,
          "penalty": 1.0
        },
        {
          "cosine": 0.8651547928478014,
          "dead_experts": 7,
          "expert_usage_counts": [
            0,
            0,
            0,
            0,
            0,
            0,
            0,
            236,
            328,
            321,
            280,
            248,
            253,
            166,
            130,
            96,
            102,
            63,
            67,
            57,
            36,
            28,
            35,
            25,
            23,
            15,
            19,
            14,
            10,
            4,
            3,
            1
          ],
          "feasible_load_target": false,
          "global_nmse": 0.15756713111469872,
          "green_gate": false,
          "hard_feasible": false,
          "hard_quartile_cosine": 0.8322299004670036,
          "iterations": 8,
          "load_cv": 1.3008861162684457,
          "mean_token_relative_mse": 0.24861129300035498,
          "penalty": 2.0
        },
        {
          "cosine": 0.9302117500558043,
          "dead_experts": 0,
          "expert_usage_counts": [
            391,
            342,
            383,
            336,
            210,
            190,
            104,
            97,
            90,
            61,
            53,
            36,
            51,
            24,
            21,
            15,
            26,
            17,
            20,
            18,
            11,
            10,
            8,
            11,
            12,
            7,
            3,
            5,
            5,
            1,
            1,
            1
          ],
          "feasible_load_target": false,
          "global_nmse": 0.07350402632022891,
          "green_gate": false,
          "hard_feasible": false,
          "hard_quartile_cosine": 0.9301160479058647,
          "iterations": 8,
          "load_cv": 1.4776558452071984,
          "mean_token_relative_mse": 0.1323495882000149,
          "penalty": 0.0
        }
      ],
      "profile": "p32",
      "requested_batch_size": 64,
      "selected_penalty": 0.05,
      "tokens": 512,
      "top_k": 5,
      "topology": "p32/top5"
    }
  ],
  "status": "LOAD_AWARE_ORACLE_COMPLETE"
}
