{
  "budget": {
    "device": "cuda:1",
    "epochs": 2,
    "holdout_opened": false,
    "learning_rate": 1e-05,
    "load_balance": 0.5,
    "microbatch": 512
  },
  "classification": "FIT_VALIDATION_ONLY_P32_SELECTOR_REFINEMENT_NO_HOLDOUT",
  "code_commit": "71d8975f47c5ad296888de11170f45f04ca346b7",
  "decision_enabled": "retain the initial p32 finalist when refinement is not a Pareto improvement; authorize holdout confirmation only for a genuinely green validation checkpoint.",
  "falsifier": "No validation checkpoint reaches the fixed gate, or the refinement regresses cosine/NMSE versus the initial finalist, or strict reload/basis provenance fails.",
  "final_fit": {
    "cosine": 0.9747730481243959,
    "dead_experts": 0,
    "excluded_count": 16384,
    "load_cv": 0.9416628833022287,
    "mse": 4.405465382742342e-05,
    "normalized_mse": 0.04922255944161574,
    "router_entropy": 3.352785608434705,
    "selected_count": 115124,
    "selected_counts": [
      66219.0,
      54634.0,
      52733.0,
      43258.0,
      32707.0,
      29863.0,
      29485.0,
      26957.0,
      24269.0,
      25388.0,
      24225.0,
      21907.0,
      21166.0,
      17393.0,
      6515.0,
      13371.0,
      10475.0,
      14736.0,
      8322.0,
      1110.0,
      3012.0,
      6771.0,
      3057.0,
      5736.0,
      7862.0,
      5610.0,
      5517.0,
      1087.0,
      1749.0,
      1668.0,
      1234.0,
      7584.0
    ],
    "split": "train",
    "streaming": true,
    "token_count": 115124
  },
  "final_selection": {
    "cosine": 0.9687931560911238,
    "dead_experts": 0,
    "excluded_count": 0,
    "load_cv": 0.9403722379097005,
    "mse": 4.0541426574236536e-05,
    "normalized_mse": 0.04576353320945787,
    "router_entropy": 3.352761786431074,
    "selected_count": 16384,
    "selected_counts": [
      9375.0,
      7674.0,
      7496.0,
      6187.0,
      4737.0,
      4258.0,
      4174.0,
      3940.0,
      3414.0,
      3639.0,
      3430.0,
      3186.0,
      3007.0,
      2480.0,
      870.0,
      1955.0,
      1505.0,
      2130.0,
      1156.0,
      158.0,
      446.0,
      930.0,
      453.0,
      784.0,
      1101.0,
      780.0,
      753.0,
      146.0,
      250.0,
      209.0,
      194.0,
      1103.0
    ],
    "split": "train",
    "streaming": true,
    "token_count": 16384
  },
  "gate_rule": {
    "fallback": "retain Pareto frontier and select highest-cosine frontier point",
    "feasibility": "normalized_mse<=0.05 and cosine>=0.98 and dead_experts==0 and load_cv<=0.50",
    "ordering": "maximize cosine, then minimize normalized_mse, then minimize load_cv"
  },
  "hypothesis": "A load-aware router-only refinement of the qwen38_p32s1_top5 finalist can reduce validation load CV toward 0.50 without sacrificing its near-target NMSE/cosine, while preserving the loaded FFN basis exactly.",
  "initial_checkpoint": "runs/20260815-184644-windows-real-d2m-v4-streaming/layer-checkpoints/clean-validation/p32-top5-residual-ce-current-head",
  "initial_selection": {
    "cosine": 0.9672818835824728,
    "dead_experts": 0,
    "excluded_count": 0,
    "load_cv": 0.5365962125999276,
    "mse": 3.972703395902499e-05,
    "normalized_mse": 0.04484423937495194,
    "router_entropy": 3.378380700945854,
    "selected_count": 16384,
    "selected_counts": [
      4780.0,
      5377.0,
      5048.0,
      4650.0,
      4164.0,
      3495.0,
      3763.0,
      3529.0,
      3292.0,
      3742.0,
      3579.0,
      3550.0,
      3199.0,
      2607.0,
      1234.0,
      2277.0,
      2052.0,
      2685.0,
      1939.0,
      466.0,
      1052.0,
      1937.0,
      647.0,
      1477.0,
      1817.0,
      1173.0,
      1207.0,
      860.0,
      808.0,
      1522.0,
      1543.0,
      2449.0
    ],
    "split": "train",
    "streaming": true,
    "token_count": 16384
  },
  "output_dir": "runs/20260815-184644-windows-real-d2m-v4-streaming/layer-checkpoints/clean-validation/p32-top5-selector-load-aware-refinement",
  "partition": "runs/20260815-184644-windows-real-d2m-v4-streaming/partitions/current-head-p32-top5-product.json",
  "profile": "qwen38_p32s1_top5",
  "result": {
    "code_commit": "71d8975f47c5ad296888de11170f45f04ca346b7",
    "final_fit": {
      "cosine": 0.9747730481243959,
      "dead_experts": 0,
      "excluded_count": 16384,
      "load_cv": 0.9416628833022287,
      "mse": 4.405465382742342e-05,
      "normalized_mse": 0.04922255944161574,
      "router_entropy": 3.352785608434705,
      "selected_count": 115124,
      "selected_counts": [
        66219.0,
        54634.0,
        52733.0,
        43258.0,
        32707.0,
        29863.0,
        29485.0,
        26957.0,
        24269.0,
        25388.0,
        24225.0,
        21907.0,
        21166.0,
        17393.0,
        6515.0,
        13371.0,
        10475.0,
        14736.0,
        8322.0,
        1110.0,
        3012.0,
        6771.0,
        3057.0,
        5736.0,
        7862.0,
        5610.0,
        5517.0,
        1087.0,
        1749.0,
        1668.0,
        1234.0,
        7584.0
      ],
      "split": "train",
      "streaming": true,
      "token_count": 115124
    },
    "final_selection": {
      "cosine": 0.9687931560911238,
      "dead_experts": 0,
      "excluded_count": 0,
      "load_cv": 0.9403722379097005,
      "mse": 4.0541426574236536e-05,
      "normalized_mse": 0.04576353320945787,
      "router_entropy": 3.352761786431074,
      "selected_count": 16384,
      "selected_counts": [
        9375.0,
        7674.0,
        7496.0,
        6187.0,
        4737.0,
        4258.0,
        4174.0,
        3940.0,
        3414.0,
        3639.0,
        3430.0,
        3186.0,
        3007.0,
        2480.0,
        870.0,
        1955.0,
        1505.0,
        2130.0,
        1156.0,
        158.0,
        446.0,
        930.0,
        453.0,
        784.0,
        1101.0,
        780.0,
        753.0,
        146.0,
        250.0,
        209.0,
        194.0,
        1103.0
      ],
      "split": "train",
      "streaming": true,
      "token_count": 16384
    },
    "holdout_metrics": {
      "cosine": null,
      "dead_experts": null,
      "load_cv": null,
      "normalized_mse": null,
      "selected_counts": [],
      "split": "holdout",
      "status": "DEFERRED_UNTIL_FINALIST_CONFIRMATION",
      "streaming": true
    },
    "initial_fit": {
      "cosine": 0.9739789550893646,
      "dead_experts": 0,
      "excluded_count": 16384,
      "load_cv": 0.537300536446038,
      "mse": 4.422309218642885e-05,
      "normalized_mse": 0.04941075674696449,
      "router_entropy": 3.378307012764285,
      "selected_count": 115124,
      "selected_counts": [
        34243.0,
        38462.0,
        35422.0,
        32361.0,
        28555.0,
        24667.0,
        26957.0,
        24261.0,
        23818.0,
        25994.0,
        25257.0,
        24631.0,
        22506.0,
        18216.0,
        9099.0,
        15407.0,
        14354.0,
        18301.0,
        13512.0,
        3378.0,
        6992.0,
        13908.0,
        4532.0,
        10441.0,
        12745.0,
        8571.0,
        8911.0,
        6275.0,
        6019.0,
        10425.0,
        10334.0,
        17066.0
      ],
      "split": "train",
      "streaming": true,
      "token_count": 115124
    },
    "initial_selection": {
      "cosine": 0.9672818835824728,
      "dead_experts": 0,
      "excluded_count": 0,
      "load_cv": 0.5365962125999276,
      "mse": 3.972703395902499e-05,
      "normalized_mse": 0.04484423937495194,
      "router_entropy": 3.378380700945854,
      "selected_count": 16384,
      "selected_counts": [
        4780.0,
        5377.0,
        5048.0,
        4650.0,
        4164.0,
        3495.0,
        3763.0,
        3529.0,
        3292.0,
        3742.0,
        3579.0,
        3550.0,
        3199.0,
        2607.0,
        1234.0,
        2277.0,
        2052.0,
        2685.0,
        1939.0,
        466.0,
        1052.0,
        1937.0,
        647.0,
        1477.0,
        1817.0,
        1173.0,
        1207.0,
        860.0,
        808.0,
        1522.0,
        1543.0,
        2449.0
      ],
      "split": "train",
      "streaming": true,
      "token_count": 16384
    },
    "layer": 0,
    "metadata": "runs/20260815-184644-windows-real-d2m-v4-streaming/layer-checkpoints/clean-validation/p32-top5-selector-load-aware-refinement/layer-0000.json",
    "oracle_holdout": {
      "cosine": null,
      "normalized_mse": null,
      "status": "bounded-oracle-summary-pending",
      "streaming": true
    },
    "status": "TRAINED_DEV_SELECTED",
    "tensor_file": "runs/20260815-184644-windows-real-d2m-v4-streaming/layer-checkpoints/clean-validation/p32-top5-selector-load-aware-refinement/layer-0000.safetensors",
    "training_config": {
      "best_selection_epoch": 2,
      "best_selection_reason": "pareto_frontier_max_cosine_fallback",
      "best_selection_stage": "p32_selector_load_aware_refinement",
      "checkpoint_selection_rule": {
        "fallback": "retain Pareto frontier and select highest-cosine frontier point",
        "feasibility": "normalized_mse<=0.05 and cosine>=0.98 and dead_experts==0 and load_cv<=0.50",
        "ordering": "maximize cosine, then minimize normalized_mse, then minimize load_cv"
      },
      "device": "cuda:1",
      "epochs": 1,
      "fit_count": 115124,
      "fit_excluded_count": 16384,
      "fit_excluded_indices_hash": "7b2ff822febb9191b88d04cacfa6bb80aec3c6dd42f9210683c6b9fd2167b15f",
      "fit_exclusion_contract": "train rows excluding validation-A",
      "fit_index_hash": "f9e719a7dab851d1f9a236eeb1b45cef664e613185ea76ca01bb6dd7fcaed4b7",
      "holdout_evaluation": "deferred",
      "initial_checkpoint_dir": "runs/20260815-184644-windows-real-d2m-v4-streaming/layer-checkpoints/clean-validation/p32-top5-residual-ce-current-head",
      "initial_expert_scales": [
        1.0000467694728072,
        1.0000034675732772,
        1.0000011137638087,
        0.9999947311340767,
        0.9999910894445219,
        0.9999911907780854,
        0.9999978939611361,
        0.9999992573654876,
        0.9999991753197558,
        0.9999993529535169,
        0.999999672324812,
        1.0000006851756804,
        1.000000700555706,
        0.9999995359245432,
        1.000000450138515,
        1.000000320403842,
        1.0000009845163615,
        1.000000140920379,
        1.0000000541757643,
        1.000000038203306,
        1.000000570150284,
        1.0000013491656174,
        1.0000014699527877,
        1.000001836337138,
        1.000000219467437,
        1.000000970559294,
        1.0000008309988928,
        1.0000005849517093,
        1.000001524059646,
        1.0000043586008047,
        1.0000022037188003,
        1.0000031475300115
      ],
      "learning_rate": 1e-05,
      "loss_coefficients": {
        "cosine": 0.05,
        "load_balance": 0.05,
        "mse": 1.0,
        "router_z_loss": 0.001
      },
      "loss_version": "torch-distill-v1",
      "microbatch": 512,
      "optimizer": "AdamW",
      "pareto_frontier": [
        {
          "cosine": 0.9672818835824728,
          "dead_experts": 0,
          "epoch": 0,
          "excluded_count": 0,
          "feasible": false,
          "load_cv": 0.5365962125999276,
          "mse": 3.972703395902499e-05,
          "normalized_mse": 0.04484423937495194,
          "router_entropy": 3.378380700945854,
          "selected_count": 16384,
          "selected_counts": [
            4780.0,
            5377.0,
            5048.0,
            4650.0,
            4164.0,
            3495.0,
            3763.0,
            3529.0,
            3292.0,
            3742.0,
            3579.0,
            3550.0,
            3199.0,
            2607.0,
            1234.0,
            2277.0,
            2052.0,
            2685.0,
            1939.0,
            466.0,
            1052.0,
            1937.0,
            647.0,
            1477.0,
            1817.0,
            1173.0,
            1207.0,
            860.0,
            808.0,
            1522.0,
            1543.0,
            2449.0
          ],
          "selection_reason": "initial_checkpoint",
          "split": "train",
          "stage": "initialized",
          "streaming": true,
          "token_count": 16384
        },
        {
          "cosine": 0.9686867161653936,
          "dead_experts": 0,
          "epoch": 1,
          "excluded_count": 0,
          "feasible": false,
          "load_cv": 0.8796366268645563,
          "mse": 4.216561444536637e-05,
          "normalized_mse": 0.04759693133724067,
          "router_entropy": 3.364783465862274,
          "selected_count": 16384,
          "selected_counts": [
            8539.0,
            7278.0,
            7041.0,
            5892.0,
            4676.0,
            4319.0,
            4210.0,
            4045.0,
            3530.0,
            3781.0,
            3550.0,
            3371.0,
            3149.0,
            2432.0,
            893.0,
            1947.0,
            1573.0,
            2184.0,
            1308.0,
            184.0,
            553.0,
            1146.0,
            424.0,
            892.0,
            1174.0,
            757.0,
            804.0,
            217.0,
            235.0,
            338.0,
            204.0,
            1274.0
          ],
          "selection_reason": "pareto_frontier_max_cosine_fallback",
          "split": "train",
          "stage": "p32_selector_load_aware_refinement",
          "streaming": true,
          "token_count": 16384
        },
        {
          "cosine": 0.9687931560911238,
          "dead_experts": 0,
          "epoch": 2,
          "excluded_count": 0,
          "feasible": false,
          "load_cv": 0.9403722379097005,
          "mse": 4.0541426574236536e-05,
          "normalized_mse": 0.04576353320945787,
          "router_entropy": 3.352761786431074,
          "selected_count": 16384,
          "selected_counts": [
            9375.0,
            7674.0,
            7496.0,
            6187.0,
            4737.0,
            4258.0,
            4174.0,
            3940.0,
            3414.0,
            3639.0,
            3430.0,
            3186.0,
            3007.0,
            2480.0,
            870.0,
            1955.0,
            1505.0,
            2130.0,
            1156.0,
            158.0,
            446.0,
            930.0,
            453.0,
            784.0,
            1101.0,
            780.0,
            753.0,
            146.0,
            250.0,
            209.0,
            194.0,
            1103.0
          ],
          "selection_reason": "pareto_frontier_max_cosine_fallback",
          "split": "train",
          "stage": "p32_selector_load_aware_refinement",
          "streaming": true,
          "token_count": 16384
        }
      ],
      "partition_path": "runs/20260815-184644-windows-real-d2m-v4-streaming/partitions/current-head-p32-top5-product.json",
      "router_feature_mode": "none",
      "router_hidden_size": null,
      "router_initialization": "initial_checkpoint",
      "routing_mode": "independent_positive",
      "selection_count": 16384,
      "selection_identity_hash": "5a7739c753dae98698a8c1a22c6a10409230f0750b33cfc9631594f16d8b8e1c",
      "selection_indices_hash": "7b2ff822febb9191b88d04cacfa6bb80aec3c6dd42f9210683c6b9fd2167b15f",
      "selection_split": "validation",
      "selection_union_count": 16384,
      "selection_union_indices_hash": "7b2ff822febb9191b88d04cacfa6bb80aec3c6dd42f9210683c6b9fd2167b15f",
      "split_opened_for": {
        "fit": {
          "checkpoint_selection": false,
          "final_confirmation": false,
          "gradient_updates": true
        },
        "holdout": {
          "checkpoint_selection": false,
          "final_confirmation": false,
          "gradient_updates": false
        },
        "validation": {
          "checkpoint_selection": true,
          "final_confirmation": false,
          "gradient_updates": false
        },
        "validation_a": {
          "checkpoint_selection": true,
          "final_confirmation": false,
          "gradient_updates": false
        },
        "validation_b": {
          "checkpoint_selection": false,
          "final_confirmation": false,
          "gradient_updates": false
        }
      },
      "stage_schedule": [
        {
          "epochs": 2,
          "learning_rate": 1e-05,
          "learning_rates": {
            "amplitude_router": 1e-05,
            "selection_router": 1e-05
          },
          "loss_coefficients": {
            "cosine": 0.5,
            "load_balance": 0.5,
            "mse": 1.0,
            "oracle": 0.15,
            "oracle_amplitude": 0.05,
            "router_z_loss": 0.001
          },
          "name": "p32_selector_load_aware_refinement",
          "oracle_amplitude_mode": "student_selected",
          "oracle_loss_mode": "repeated_cross_entropy",
          "oracle_target_mode": "residual_correlation",
          "teacher_forcing_ratio": 0.0,
          "train_amplitude_router": true,
          "train_experts": false,
          "train_scales": false,
          "train_selection_router": true,
          "train_shared": false,
          "use_oracle_targets": true
        }
      ],
      "stage_selection_metrics": [
        {
          "cosine": 0.9687931560911238,
          "dead_experts": 0,
          "epoch": 2,
          "excluded_count": 0,
          "feasible": false,
          "load_cv": 0.9403722379097005,
          "mse": 4.0541426574236536e-05,
          "normalized_mse": 0.04576353320945787,
          "router_entropy": 3.352761786431074,
          "selected_count": 16384,
          "selected_counts": [
            9375.0,
            7674.0,
            7496.0,
            6187.0,
            4737.0,
            4258.0,
            4174.0,
            3940.0,
            3414.0,
            3639.0,
            3430.0,
            3186.0,
            3007.0,
            2480.0,
            870.0,
            1955.0,
            1505.0,
            2130.0,
            1156.0,
            158.0,
            446.0,
            930.0,
            453.0,
            784.0,
            1101.0,
            780.0,
            753.0,
            146.0,
            250.0,
            209.0,
            194.0,
            1103.0
          ],
          "selection_reason": "pareto_frontier_max_cosine_fallback",
          "split": "train",
          "stage": "p32_selector_load_aware_refinement",
          "streaming": true,
          "token_count": 16384
        }
      ],
      "stages": [
        {
          "epoch": 2,
          "epoch_validation_metrics": [
            {
              "cosine": 0.9686867161653936,
              "dead_experts": 0,
              "epoch": 1,
              "excluded_count": 0,
              "feasible": false,
              "load_cv": 0.8796366268645563,
              "mse": 4.216561444536637e-05,
              "normalized_mse": 0.04759693133724067,
              "router_entropy": 3.364783465862274,
              "selected_count": 16384,
              "selected_counts": [
                8539.0,
                7278.0,
                7041.0,
                5892.0,
                4676.0,
                4319.0,
                4210.0,
                4045.0,
                3530.0,
                3781.0,
                3550.0,
                3371.0,
                3149.0,
                2432.0,
                893.0,
                1947.0,
                1573.0,
                2184.0,
                1308.0,
                184.0,
                553.0,
                1146.0,
                424.0,
                892.0,
                1174.0,
                757.0,
                804.0,
                217.0,
                235.0,
                338.0,
                204.0,
                1274.0
              ],
              "selection_reason": "pareto_frontier_max_cosine_fallback",
              "split": "train",
              "stage": "p32_selector_load_aware_refinement",
              "streaming": true,
              "token_count": 16384
            },
            {
              "cosine": 0.9687931560911238,
              "dead_experts": 0,
              "epoch": 2,
              "excluded_count": 0,
              "feasible": false,
              "load_cv": 0.9403722379097005,
              "mse": 4.0541426574236536e-05,
              "normalized_mse": 0.04576353320945787,
              "router_entropy": 3.352761786431074,
              "selected_count": 16384,
              "selected_counts": [
                9375.0,
                7674.0,
                7496.0,
                6187.0,
                4737.0,
                4258.0,
                4174.0,
                3940.0,
                3414.0,
                3639.0,
                3430.0,
                3186.0,
                3007.0,
                2480.0,
                870.0,
                1955.0,
                1505.0,
                2130.0,
                1156.0,
                158.0,
                446.0,
                930.0,
                453.0,
                784.0,
                1101.0,
                780.0,
                753.0,
                146.0,
                250.0,
                209.0,
                194.0,
                1103.0
              ],
              "selection_reason": "pareto_frontier_max_cosine_fallback",
              "split": "train",
              "stage": "p32_selector_load_aware_refinement",
              "streaming": true,
              "token_count": 16384
            }
          ],
          "epochs": 2,
          "fit_excluded_count": 16384,
          "learning_rates": {
            "amplitude_router": 1e-05,
            "selection_router": 1e-05
          },
          "loss": 0.9946820139884949,
          "loss_coefficients": {
            "cosine": 0.5,
            "load_balance": 0.5,
            "mse": 1.0,
            "oracle": 0.15,
            "oracle_amplitude": 0.05,
            "router_z_loss": 0.001
          },
          "oracle_amplitude_mode": "student_selected",
          "oracle_loss_mode": "repeated_cross_entropy",
          "oracle_target_mode": "residual_correlation",
          "stage": "p32_selector_load_aware_refinement",
          "streaming": true,
          "teacher_forcing_ratio": 0.0,
          "train_amplitude_router": true,
          "train_selection_router": true,
          "train_shared": false,
          "updates": 538
        }
      ],
      "streaming_dataset": {
        "holdout_count": 16598,
        "holdout_manifest": "runs/20260815-184644-windows-real-d2m-v4-streaming/capture/layer-0000.json",
        "train_count": 131508,
        "train_manifest": "runs/20260815-184644-windows-real-d2m-v4-streaming/capture/layer-0000.json"
      },
      "validation_a_count": 16384,
      "validation_a_identity_hash": "5a7739c753dae98698a8c1a22c6a10409230f0750b33cfc9631594f16d8b8e1c",
      "validation_a_indices_hash": "7b2ff822febb9191b88d04cacfa6bb80aec3c6dd42f9210683c6b9fd2167b15f",
      "validation_b_count": 0,
      "validation_b_identity_hash": null,
      "validation_b_indices_hash": null,
      "validation_b_metrics": {
        "checkpoint_selection": false,
        "cosine": null,
        "dead_experts": null,
        "load_cv": null,
        "normalized_mse": null,
        "selected_counts": [],
        "split": "validation-b",
        "status": "NOT_CONFIGURED",
        "streaming": true
      },
      "validation_count": 16384,
      "validation_hash": "5a7739c753dae98698a8c1a22c6a10409230f0750b33cfc9631594f16d8b8e1c",
      "validation_trajectory": [
        {
          "cosine": 0.9672818835824728,
          "dead_experts": 0,
          "epoch": 0,
          "excluded_count": 0,
          "feasible": false,
          "load_cv": 0.5365962125999276,
          "mse": 3.972703395902499e-05,
          "normalized_mse": 0.04484423937495194,
          "router_entropy": 3.378380700945854,
          "selected_count": 16384,
          "selected_counts": [
            4780.0,
            5377.0,
            5048.0,
            4650.0,
            4164.0,
            3495.0,
            3763.0,
            3529.0,
            3292.0,
            3742.0,
            3579.0,
            3550.0,
            3199.0,
            2607.0,
            1234.0,
            2277.0,
            2052.0,
            2685.0,
            1939.0,
            466.0,
            1052.0,
            1937.0,
            647.0,
            1477.0,
            1817.0,
            1173.0,
            1207.0,
            860.0,
            808.0,
            1522.0,
            1543.0,
            2449.0
          ],
          "selection_reason": "initial_checkpoint",
          "split": "train",
          "stage": "initialized",
          "streaming": true,
          "token_count": 16384
        },
        {
          "cosine": 0.9686867161653936,
          "dead_experts": 0,
          "epoch": 1,
          "excluded_count": 0,
          "feasible": false,
          "load_cv": 0.8796366268645563,
          "mse": 4.216561444536637e-05,
          "normalized_mse": 0.04759693133724067,
          "router_entropy": 3.364783465862274,
          "selected_count": 16384,
          "selected_counts": [
            8539.0,
            7278.0,
            7041.0,
            5892.0,
            4676.0,
            4319.0,
            4210.0,
            4045.0,
            3530.0,
            3781.0,
            3550.0,
            3371.0,
            3149.0,
            2432.0,
            893.0,
            1947.0,
            1573.0,
            2184.0,
            1308.0,
            184.0,
            553.0,
            1146.0,
            424.0,
            892.0,
            1174.0,
            757.0,
            804.0,
            217.0,
            235.0,
            338.0,
            204.0,
            1274.0
          ],
          "selection_reason": "pareto_frontier_max_cosine_fallback",
          "split": "train",
          "stage": "p32_selector_load_aware_refinement",
          "streaming": true,
          "token_count": 16384
        },
        {
          "cosine": 0.9687931560911238,
          "dead_experts": 0,
          "epoch": 2,
          "excluded_count": 0,
          "feasible": false,
          "load_cv": 0.9403722379097005,
          "mse": 4.0541426574236536e-05,
          "normalized_mse": 0.04576353320945787,
          "router_entropy": 3.352761786431074,
          "selected_count": 16384,
          "selected_counts": [
            9375.0,
            7674.0,
            7496.0,
            6187.0,
            4737.0,
            4258.0,
            4174.0,
            3940.0,
            3414.0,
            3639.0,
            3430.0,
            3186.0,
            3007.0,
            2480.0,
            870.0,
            1955.0,
            1505.0,
            2130.0,
            1156.0,
            158.0,
            446.0,
            930.0,
            453.0,
            784.0,
            1101.0,
            780.0,
            753.0,
            146.0,
            250.0,
            209.0,
            194.0,
            1103.0
          ],
          "selection_reason": "pareto_frontier_max_cosine_fallback",
          "split": "train",
          "stage": "p32_selector_load_aware_refinement",
          "streaming": true,
          "token_count": 16384
        }
      ]
    },
    "validation_b_metrics": {
      "checkpoint_selection": false,
      "cosine": null,
      "dead_experts": null,
      "load_cv": null,
      "normalized_mse": null,
      "selected_counts": [],
      "split": "validation-b",
      "status": "NOT_CONFIGURED",
      "streaming": true
    }
  },
  "routing_mode": "independent_positive",
  "schema_version": 1,
  "split_contract": {
    "fit": {
      "count": 115124,
      "excluded_validation_hash": "7b2ff822febb9191b88d04cacfa6bb80aec3c6dd42f9210683c6b9fd2167b15f",
      "index_hash": "f9e719a7dab851d1f9a236eeb1b45cef664e613185ea76ca01bb6dd7fcaed4b7",
      "opened_for_confirmation": false,
      "opened_for_gradients": true,
      "opened_for_selection": false
    },
    "holdout": {
      "count": 16598,
      "opened_for_confirmation": false,
      "opened_for_gradients": false,
      "opened_for_selection": false,
      "status": "CLOSED"
    },
    "validation": {
      "count": 16384,
      "identity_hash": "5a7739c753dae98698a8c1a22c6a10409230f0750b33cfc9631594f16d8b8e1c",
      "opened_for_confirmation": false,
      "opened_for_gradients": false,
      "opened_for_selection": true,
      "selection_indices_hash": "7b2ff822febb9191b88d04cacfa6bb80aec3c6dd42f9210683c6b9fd2167b15f"
    }
  },
  "stage_schedule": [
    {
      "epochs": 2,
      "learning_rates": {
        "amplitude_router": 1e-05,
        "selection_router": 1e-05
      },
      "loss_coefficients": {
        "cosine": 0.5,
        "load_balance": 0.5,
        "mse": 1.0,
        "oracle": 0.15,
        "oracle_amplitude": 0.05,
        "router_z_loss": 0.001
      },
      "name": "p32_selector_load_aware_refinement",
      "oracle_amplitude_mode": "student_selected",
      "oracle_loss_mode": "repeated_cross_entropy",
      "oracle_target_mode": "residual_correlation",
      "teacher_forcing_ratio": 0.0,
      "train_amplitude_router": true,
      "train_experts": false,
      "train_scales": false,
      "train_selection_router": true,
      "train_shared": false,
      "use_oracle_targets": true
    }
  ],
  "status": "P32_SELECTOR_REFINEMENT_COMPLETE"
}
