{
  "budget": {
    "device": "cuda:1",
    "epochs": 2,
    "holdout_opened": false,
    "learning_rate": 1e-05,
    "load_balance": 0.5,
    "microbatch": 512
  },
  "classification": "FIT_VALIDATION_ONLY_P32_SELECTOR_REFINEMENT_NO_HOLDOUT",
  "code_commit": "b190014c1476ac30775651d0fe7bde317f2098b5",
  "decision_enabled": "retain the initial p32 finalist when refinement is not a Pareto improvement; authorize holdout confirmation only for a genuinely green validation checkpoint.",
  "falsifier": "No validation checkpoint reaches the fixed gate, or the refinement regresses cosine/NMSE versus the initial finalist, or strict reload/basis provenance fails.",
  "final_fit": {
    "cosine": 0.9720550427728919,
    "dead_experts": 0,
    "excluded_count": 16384,
    "load_cv": 1.1052735143175847,
    "mse": 4.6645954468191323e-05,
    "normalized_mse": 0.052117836983029464,
    "router_entropy": 3.356351601415187,
    "selected_count": 115124,
    "selected_counts": [
      64198.0,
      49033.0,
      47849.0,
      35497.0,
      26816.0,
      25095.0,
      23990.0,
      22820.0,
      18251.0,
      23892.0,
      16953.0,
      17280.0,
      16426.0,
      8377.0,
      4316.0,
      4726.0,
      5030.0,
      3976.0,
      3631.0,
      223.0,
      2502.0,
      4252.0,
      1342.0,
      1787.0,
      4631.0,
      3593.0,
      13078.0,
      961.0,
      1574.0,
      1673.0,
      797.0,
      5927.0
    ],
    "split": "train",
    "streaming": true,
    "token_count": 115124
  },
  "final_selection": {
    "cosine": 0.9664462641812861,
    "dead_experts": 0,
    "excluded_count": 0,
    "load_cv": 1.103198757083291,
    "mse": 4.4250188238947885e-05,
    "normalized_mse": 0.04995001730611866,
    "router_entropy": 3.3562607560306787,
    "selected_count": 16384,
    "selected_counts": [
      9114.0,
      6947.0,
      6742.0,
      5032.0,
      3871.0,
      3630.0,
      3415.0,
      3310.0,
      2505.0,
      3428.0,
      2438.0,
      2459.0,
      2354.0,
      1238.0,
      570.0,
      703.0,
      704.0,
      552.0,
      503.0,
      29.0,
      355.0,
      614.0,
      213.0,
      245.0,
      626.0,
      504.0,
      1903.0,
      125.0,
      214.0,
      234.0,
      112.0,
      847.0
    ],
    "split": "train",
    "streaming": true,
    "token_count": 16384
  },
  "gate_rule": {
    "fallback": "retain Pareto frontier and select highest-cosine frontier point",
    "feasibility": "normalized_mse<=0.05 and cosine>=0.98 and dead_experts==0 and load_cv<=0.50",
    "ordering": "maximize cosine, then minimize normalized_mse, then minimize load_cv"
  },
  "hypothesis": "A load-aware router-only refinement of the qwen38_p32s1_top4 finalist can reduce validation load CV toward 0.50 without sacrificing its near-target NMSE/cosine, while preserving the loaded FFN basis exactly.",
  "initial_checkpoint": "runs/20260815-184644-windows-real-d2m-v4-streaming/layer-checkpoints/clean-validation/p32-top4-residual-ce-current-head",
  "initial_selection": {
    "cosine": 0.9648507134988904,
    "dead_experts": 0,
    "excluded_count": 0,
    "load_cv": 0.678257039834709,
    "mse": 4.10194503956518e-05,
    "normalized_mse": 0.04630313087226314,
    "router_entropy": 3.3855845779180527,
    "selected_count": 16384,
    "selected_counts": [
      4819.0,
      4956.0,
      4750.0,
      4064.0,
      3412.0,
      2903.0,
      3160.0,
      3135.0,
      2617.0,
      3329.0,
      2539.0,
      3131.0,
      2558.0,
      1529.0,
      904.0,
      1104.0,
      1252.0,
      969.0,
      1130.0,
      187.0,
      653.0,
      978.0,
      299.0,
      490.0,
      876.0,
      793.0,
      2940.0,
      775.0,
      838.0,
      1106.0,
      1199.0,
      2141.0
    ],
    "split": "train",
    "streaming": true,
    "token_count": 16384
  },
  "output_dir": "runs/20260815-184644-windows-real-d2m-v4-streaming/layer-checkpoints/clean-validation/p32-top4-selector-load-aware-refinement",
  "partition": "runs/20260815-184644-windows-real-d2m-v4-streaming/partitions/current-head-p32-top4-product.json",
  "profile": "qwen38_p32s1_top4",
  "result": {
    "code_commit": "71d8975f47c5ad296888de11170f45f04ca346b7",
    "final_fit": {
      "cosine": 0.9720550427728919,
      "dead_experts": 0,
      "excluded_count": 16384,
      "load_cv": 1.1052735143175847,
      "mse": 4.6645954468191323e-05,
      "normalized_mse": 0.052117836983029464,
      "router_entropy": 3.356351601415187,
      "selected_count": 115124,
      "selected_counts": [
        64198.0,
        49033.0,
        47849.0,
        35497.0,
        26816.0,
        25095.0,
        23990.0,
        22820.0,
        18251.0,
        23892.0,
        16953.0,
        17280.0,
        16426.0,
        8377.0,
        4316.0,
        4726.0,
        5030.0,
        3976.0,
        3631.0,
        223.0,
        2502.0,
        4252.0,
        1342.0,
        1787.0,
        4631.0,
        3593.0,
        13078.0,
        961.0,
        1574.0,
        1673.0,
        797.0,
        5927.0
      ],
      "split": "train",
      "streaming": true,
      "token_count": 115124
    },
    "final_selection": {
      "cosine": 0.9664462641812861,
      "dead_experts": 0,
      "excluded_count": 0,
      "load_cv": 1.103198757083291,
      "mse": 4.4250188238947885e-05,
      "normalized_mse": 0.04995001730611866,
      "router_entropy": 3.3562607560306787,
      "selected_count": 16384,
      "selected_counts": [
        9114.0,
        6947.0,
        6742.0,
        5032.0,
        3871.0,
        3630.0,
        3415.0,
        3310.0,
        2505.0,
        3428.0,
        2438.0,
        2459.0,
        2354.0,
        1238.0,
        570.0,
        703.0,
        704.0,
        552.0,
        503.0,
        29.0,
        355.0,
        614.0,
        213.0,
        245.0,
        626.0,
        504.0,
        1903.0,
        125.0,
        214.0,
        234.0,
        112.0,
        847.0
      ],
      "split": "train",
      "streaming": true,
      "token_count": 16384
    },
    "holdout_metrics": {
      "cosine": null,
      "dead_experts": null,
      "load_cv": null,
      "normalized_mse": null,
      "selected_counts": [],
      "split": "holdout",
      "status": "DEFERRED_UNTIL_FINALIST_CONFIRMATION",
      "streaming": true
    },
    "initial_fit": {
      "cosine": 0.9713557240265561,
      "dead_experts": 0,
      "excluded_count": 16384,
      "load_cv": 0.6796679210464818,
      "mse": 4.324389927391188e-05,
      "normalized_mse": 0.04831669795512869,
      "router_entropy": 3.385664832289234,
      "selected_count": 115124,
      "selected_counts": [
        34255.0,
        35509.0,
        33428.0,
        28692.0,
        23573.0,
        20191.0,
        22336.0,
        21415.0,
        18867.0,
        23236.0,
        17604.0,
        22106.0,
        18072.0,
        10263.0,
        6747.0,
        7389.0,
        8870.0,
        6775.0,
        7802.0,
        1287.0,
        4551.0,
        6998.0,
        2000.0,
        3747.0,
        6385.0,
        5974.0,
        19907.0,
        5679.0,
        5994.0,
        7934.0,
        7952.0,
        14958.0
      ],
      "split": "train",
      "streaming": true,
      "token_count": 115124
    },
    "initial_selection": {
      "cosine": 0.9648507134988904,
      "dead_experts": 0,
      "excluded_count": 0,
      "load_cv": 0.678257039834709,
      "mse": 4.10194503956518e-05,
      "normalized_mse": 0.04630313087226314,
      "router_entropy": 3.3855845779180527,
      "selected_count": 16384,
      "selected_counts": [
        4819.0,
        4956.0,
        4750.0,
        4064.0,
        3412.0,
        2903.0,
        3160.0,
        3135.0,
        2617.0,
        3329.0,
        2539.0,
        3131.0,
        2558.0,
        1529.0,
        904.0,
        1104.0,
        1252.0,
        969.0,
        1130.0,
        187.0,
        653.0,
        978.0,
        299.0,
        490.0,
        876.0,
        793.0,
        2940.0,
        775.0,
        838.0,
        1106.0,
        1199.0,
        2141.0
      ],
      "split": "train",
      "streaming": true,
      "token_count": 16384
    },
    "layer": 0,
    "metadata": "runs/20260815-184644-windows-real-d2m-v4-streaming/layer-checkpoints/clean-validation/p32-top4-selector-load-aware-refinement/layer-0000.json",
    "oracle_holdout": {
      "cosine": null,
      "normalized_mse": null,
      "status": "bounded-oracle-summary-pending",
      "streaming": true
    },
    "status": "TRAINED_DEV_SELECTED",
    "tensor_file": "runs/20260815-184644-windows-real-d2m-v4-streaming/layer-checkpoints/clean-validation/p32-top4-selector-load-aware-refinement/layer-0000.safetensors",
    "training_config": {
      "best_selection_epoch": 2,
      "best_selection_reason": "pareto_frontier_max_cosine_fallback",
      "best_selection_stage": "p32_selector_load_aware_refinement",
      "checkpoint_selection_rule": {
        "fallback": "retain Pareto frontier and select highest-cosine frontier point",
        "feasibility": "normalized_mse<=0.05 and cosine>=0.98 and dead_experts==0 and load_cv<=0.50",
        "ordering": "maximize cosine, then minimize normalized_mse, then minimize load_cv"
      },
      "device": "cuda:1",
      "epochs": 1,
      "fit_count": 115124,
      "fit_excluded_count": 16384,
      "fit_excluded_indices_hash": "7b2ff822febb9191b88d04cacfa6bb80aec3c6dd42f9210683c6b9fd2167b15f",
      "fit_exclusion_contract": "train rows excluding validation-A",
      "fit_index_hash": "f9e719a7dab851d1f9a236eeb1b45cef664e613185ea76ca01bb6dd7fcaed4b7",
      "holdout_evaluation": "deferred",
      "initial_checkpoint_dir": "runs/20260815-184644-windows-real-d2m-v4-streaming/layer-checkpoints/clean-validation/p32-top4-residual-ce-current-head",
      "initial_expert_scales": [
        1.000036348315312,
        1.0000049091370087,
        1.0000019032116199,
        0.9999956094553564,
        0.9999982176407325,
        0.9999994620174735,
        0.9999984836706279,
        1.000000165916224,
        1.0000000125034365,
        1.000000214937476,
        0.9999998212887456,
        1.0000007204741352,
        1.0000003148916967,
        0.9999993282434911,
        1.000000054078553,
        0.9999999701025223,
        1.0000006888546593,
        0.999999861018914,
        0.9999998627259108,
        1.0000000436314131,
        1.0000004809738336,
        1.0000005623401889,
        1.000000761856247,
        1.0000010683704155,
        1.0000005686864635,
        1.0000010503235093,
        1.000000389014597,
        1.0000012992789549,
        1.0000012506849438,
        1.0000035330421444,
        1.000002092613206,
        1.000002120065028
      ],
      "learning_rate": 1e-05,
      "loss_coefficients": {
        "cosine": 0.05,
        "load_balance": 0.05,
        "mse": 1.0,
        "router_z_loss": 0.001
      },
      "loss_version": "torch-distill-v1",
      "microbatch": 512,
      "optimizer": "AdamW",
      "pareto_frontier": [
        {
          "cosine": 0.9648507134988904,
          "dead_experts": 0,
          "epoch": 0,
          "excluded_count": 0,
          "feasible": false,
          "load_cv": 0.678257039834709,
          "mse": 4.10194503956518e-05,
          "normalized_mse": 0.04630313087226314,
          "router_entropy": 3.3855845779180527,
          "selected_count": 16384,
          "selected_counts": [
            4819.0,
            4956.0,
            4750.0,
            4064.0,
            3412.0,
            2903.0,
            3160.0,
            3135.0,
            2617.0,
            3329.0,
            2539.0,
            3131.0,
            2558.0,
            1529.0,
            904.0,
            1104.0,
            1252.0,
            969.0,
            1130.0,
            187.0,
            653.0,
            978.0,
            299.0,
            490.0,
            876.0,
            793.0,
            2940.0,
            775.0,
            838.0,
            1106.0,
            1199.0,
            2141.0
          ],
          "selection_reason": "initial_checkpoint",
          "split": "train",
          "stage": "initialized",
          "streaming": true,
          "token_count": 16384
        },
        {
          "cosine": 0.9663003818131983,
          "dead_experts": 0,
          "epoch": 1,
          "excluded_count": 0,
          "feasible": false,
          "load_cv": 1.021545918873593,
          "mse": 4.221660467464972e-05,
          "normalized_mse": 0.04765448957453884,
          "router_entropy": 3.370316220447421,
          "selected_count": 16384,
          "selected_counts": [
            7984.0,
            6557.0,
            6364.0,
            4894.0,
            3948.0,
            3642.0,
            3451.0,
            3424.0,
            2641.0,
            3523.0,
            2507.0,
            2717.0,
            2494.0,
            1228.0,
            607.0,
            677.0,
            797.0,
            588.0,
            613.0,
            42.0,
            374.0,
            599.0,
            182.0,
            269.0,
            646.0,
            489.0,
            2202.0,
            179.0,
            235.0,
            304.0,
            217.0,
            1142.0
          ],
          "selection_reason": "pareto_frontier_max_cosine_fallback",
          "split": "train",
          "stage": "p32_selector_load_aware_refinement",
          "streaming": true,
          "token_count": 16384
        },
        {
          "cosine": 0.9664462641812861,
          "dead_experts": 0,
          "epoch": 2,
          "excluded_count": 0,
          "feasible": false,
          "load_cv": 1.103198757083291,
          "mse": 4.4250188238947885e-05,
          "normalized_mse": 0.04995001730611866,
          "router_entropy": 3.3562607560306787,
          "selected_count": 16384,
          "selected_counts": [
            9114.0,
            6947.0,
            6742.0,
            5032.0,
            3871.0,
            3630.0,
            3415.0,
            3310.0,
            2505.0,
            3428.0,
            2438.0,
            2459.0,
            2354.0,
            1238.0,
            570.0,
            703.0,
            704.0,
            552.0,
            503.0,
            29.0,
            355.0,
            614.0,
            213.0,
            245.0,
            626.0,
            504.0,
            1903.0,
            125.0,
            214.0,
            234.0,
            112.0,
            847.0
          ],
          "selection_reason": "pareto_frontier_max_cosine_fallback",
          "split": "train",
          "stage": "p32_selector_load_aware_refinement",
          "streaming": true,
          "token_count": 16384
        }
      ],
      "partition_path": "runs/20260815-184644-windows-real-d2m-v4-streaming/partitions/current-head-p32-top4-product.json",
      "router_feature_mode": "none",
      "router_hidden_size": null,
      "router_initialization": "initial_checkpoint",
      "routing_mode": "independent_positive",
      "selection_count": 16384,
      "selection_identity_hash": "5a7739c753dae98698a8c1a22c6a10409230f0750b33cfc9631594f16d8b8e1c",
      "selection_indices_hash": "7b2ff822febb9191b88d04cacfa6bb80aec3c6dd42f9210683c6b9fd2167b15f",
      "selection_split": "validation",
      "selection_union_count": 16384,
      "selection_union_indices_hash": "7b2ff822febb9191b88d04cacfa6bb80aec3c6dd42f9210683c6b9fd2167b15f",
      "split_opened_for": {
        "fit": {
          "checkpoint_selection": false,
          "final_confirmation": false,
          "gradient_updates": true
        },
        "holdout": {
          "checkpoint_selection": false,
          "final_confirmation": false,
          "gradient_updates": false
        },
        "validation": {
          "checkpoint_selection": true,
          "final_confirmation": false,
          "gradient_updates": false
        },
        "validation_a": {
          "checkpoint_selection": true,
          "final_confirmation": false,
          "gradient_updates": false
        },
        "validation_b": {
          "checkpoint_selection": false,
          "final_confirmation": false,
          "gradient_updates": false
        }
      },
      "stage_schedule": [
        {
          "epochs": 2,
          "learning_rate": 1e-05,
          "learning_rates": {
            "amplitude_router": 1e-05,
            "selection_router": 1e-05
          },
          "loss_coefficients": {
            "cosine": 0.5,
            "load_balance": 0.5,
            "mse": 1.0,
            "oracle": 0.15,
            "oracle_amplitude": 0.05,
            "router_z_loss": 0.001
          },
          "name": "p32_selector_load_aware_refinement",
          "oracle_amplitude_mode": "student_selected",
          "oracle_loss_mode": "repeated_cross_entropy",
          "oracle_target_mode": "residual_correlation",
          "teacher_forcing_ratio": 0.0,
          "train_amplitude_router": true,
          "train_experts": false,
          "train_scales": false,
          "train_selection_router": true,
          "train_shared": false,
          "use_oracle_targets": true
        }
      ],
      "stage_selection_metrics": [
        {
          "cosine": 0.9664462641812861,
          "dead_experts": 0,
          "epoch": 2,
          "excluded_count": 0,
          "feasible": false,
          "load_cv": 1.103198757083291,
          "mse": 4.4250188238947885e-05,
          "normalized_mse": 0.04995001730611866,
          "router_entropy": 3.3562607560306787,
          "selected_count": 16384,
          "selected_counts": [
            9114.0,
            6947.0,
            6742.0,
            5032.0,
            3871.0,
            3630.0,
            3415.0,
            3310.0,
            2505.0,
            3428.0,
            2438.0,
            2459.0,
            2354.0,
            1238.0,
            570.0,
            703.0,
            704.0,
            552.0,
            503.0,
            29.0,
            355.0,
            614.0,
            213.0,
            245.0,
            626.0,
            504.0,
            1903.0,
            125.0,
            214.0,
            234.0,
            112.0,
            847.0
          ],
          "selection_reason": "pareto_frontier_max_cosine_fallback",
          "split": "train",
          "stage": "p32_selector_load_aware_refinement",
          "streaming": true,
          "token_count": 16384
        }
      ],
      "stages": [
        {
          "epoch": 2,
          "epoch_validation_metrics": [
            {
              "cosine": 0.9663003818131983,
              "dead_experts": 0,
              "epoch": 1,
              "excluded_count": 0,
              "feasible": false,
              "load_cv": 1.021545918873593,
              "mse": 4.221660467464972e-05,
              "normalized_mse": 0.04765448957453884,
              "router_entropy": 3.370316220447421,
              "selected_count": 16384,
              "selected_counts": [
                7984.0,
                6557.0,
                6364.0,
                4894.0,
                3948.0,
                3642.0,
                3451.0,
                3424.0,
                2641.0,
                3523.0,
                2507.0,
                2717.0,
                2494.0,
                1228.0,
                607.0,
                677.0,
                797.0,
                588.0,
                613.0,
                42.0,
                374.0,
                599.0,
                182.0,
                269.0,
                646.0,
                489.0,
                2202.0,
                179.0,
                235.0,
                304.0,
                217.0,
                1142.0
              ],
              "selection_reason": "pareto_frontier_max_cosine_fallback",
              "split": "train",
              "stage": "p32_selector_load_aware_refinement",
              "streaming": true,
              "token_count": 16384
            },
            {
              "cosine": 0.9664462641812861,
              "dead_experts": 0,
              "epoch": 2,
              "excluded_count": 0,
              "feasible": false,
              "load_cv": 1.103198757083291,
              "mse": 4.4250188238947885e-05,
              "normalized_mse": 0.04995001730611866,
              "router_entropy": 3.3562607560306787,
              "selected_count": 16384,
              "selected_counts": [
                9114.0,
                6947.0,
                6742.0,
                5032.0,
                3871.0,
                3630.0,
                3415.0,
                3310.0,
                2505.0,
                3428.0,
                2438.0,
                2459.0,
                2354.0,
                1238.0,
                570.0,
                703.0,
                704.0,
                552.0,
                503.0,
                29.0,
                355.0,
                614.0,
                213.0,
                245.0,
                626.0,
                504.0,
                1903.0,
                125.0,
                214.0,
                234.0,
                112.0,
                847.0
              ],
              "selection_reason": "pareto_frontier_max_cosine_fallback",
              "split": "train",
              "stage": "p32_selector_load_aware_refinement",
              "streaming": true,
              "token_count": 16384
            }
          ],
          "epochs": 2,
          "fit_excluded_count": 16384,
          "learning_rates": {
            "amplitude_router": 1e-05,
            "selection_router": 1e-05
          },
          "loss": 0.9914264678955078,
          "loss_coefficients": {
            "cosine": 0.5,
            "load_balance": 0.5,
            "mse": 1.0,
            "oracle": 0.15,
            "oracle_amplitude": 0.05,
            "router_z_loss": 0.001
          },
          "oracle_amplitude_mode": "student_selected",
          "oracle_loss_mode": "repeated_cross_entropy",
          "oracle_target_mode": "residual_correlation",
          "stage": "p32_selector_load_aware_refinement",
          "streaming": true,
          "teacher_forcing_ratio": 0.0,
          "train_amplitude_router": true,
          "train_selection_router": true,
          "train_shared": false,
          "updates": 538
        }
      ],
      "streaming_dataset": {
        "holdout_count": 16598,
        "holdout_manifest": "runs/20260815-184644-windows-real-d2m-v4-streaming/capture/layer-0000.json",
        "train_count": 131508,
        "train_manifest": "runs/20260815-184644-windows-real-d2m-v4-streaming/capture/layer-0000.json"
      },
      "validation_a_count": 16384,
      "validation_a_identity_hash": "5a7739c753dae98698a8c1a22c6a10409230f0750b33cfc9631594f16d8b8e1c",
      "validation_a_indices_hash": "7b2ff822febb9191b88d04cacfa6bb80aec3c6dd42f9210683c6b9fd2167b15f",
      "validation_b_count": 0,
      "validation_b_identity_hash": null,
      "validation_b_indices_hash": null,
      "validation_b_metrics": {
        "checkpoint_selection": false,
        "cosine": null,
        "dead_experts": null,
        "load_cv": null,
        "normalized_mse": null,
        "selected_counts": [],
        "split": "validation-b",
        "status": "NOT_CONFIGURED",
        "streaming": true
      },
      "validation_count": 16384,
      "validation_hash": "5a7739c753dae98698a8c1a22c6a10409230f0750b33cfc9631594f16d8b8e1c",
      "validation_trajectory": [
        {
          "cosine": 0.9648507134988904,
          "dead_experts": 0,
          "epoch": 0,
          "excluded_count": 0,
          "feasible": false,
          "load_cv": 0.678257039834709,
          "mse": 4.10194503956518e-05,
          "normalized_mse": 0.04630313087226314,
          "router_entropy": 3.3855845779180527,
          "selected_count": 16384,
          "selected_counts": [
            4819.0,
            4956.0,
            4750.0,
            4064.0,
            3412.0,
            2903.0,
            3160.0,
            3135.0,
            2617.0,
            3329.0,
            2539.0,
            3131.0,
            2558.0,
            1529.0,
            904.0,
            1104.0,
            1252.0,
            969.0,
            1130.0,
            187.0,
            653.0,
            978.0,
            299.0,
            490.0,
            876.0,
            793.0,
            2940.0,
            775.0,
            838.0,
            1106.0,
            1199.0,
            2141.0
          ],
          "selection_reason": "initial_checkpoint",
          "split": "train",
          "stage": "initialized",
          "streaming": true,
          "token_count": 16384
        },
        {
          "cosine": 0.9663003818131983,
          "dead_experts": 0,
          "epoch": 1,
          "excluded_count": 0,
          "feasible": false,
          "load_cv": 1.021545918873593,
          "mse": 4.221660467464972e-05,
          "normalized_mse": 0.04765448957453884,
          "router_entropy": 3.370316220447421,
          "selected_count": 16384,
          "selected_counts": [
            7984.0,
            6557.0,
            6364.0,
            4894.0,
            3948.0,
            3642.0,
            3451.0,
            3424.0,
            2641.0,
            3523.0,
            2507.0,
            2717.0,
            2494.0,
            1228.0,
            607.0,
            677.0,
            797.0,
            588.0,
            613.0,
            42.0,
            374.0,
            599.0,
            182.0,
            269.0,
            646.0,
            489.0,
            2202.0,
            179.0,
            235.0,
            304.0,
            217.0,
            1142.0
          ],
          "selection_reason": "pareto_frontier_max_cosine_fallback",
          "split": "train",
          "stage": "p32_selector_load_aware_refinement",
          "streaming": true,
          "token_count": 16384
        },
        {
          "cosine": 0.9664462641812861,
          "dead_experts": 0,
          "epoch": 2,
          "excluded_count": 0,
          "feasible": false,
          "load_cv": 1.103198757083291,
          "mse": 4.4250188238947885e-05,
          "normalized_mse": 0.04995001730611866,
          "router_entropy": 3.3562607560306787,
          "selected_count": 16384,
          "selected_counts": [
            9114.0,
            6947.0,
            6742.0,
            5032.0,
            3871.0,
            3630.0,
            3415.0,
            3310.0,
            2505.0,
            3428.0,
            2438.0,
            2459.0,
            2354.0,
            1238.0,
            570.0,
            703.0,
            704.0,
            552.0,
            503.0,
            29.0,
            355.0,
            614.0,
            213.0,
            245.0,
            626.0,
            504.0,
            1903.0,
            125.0,
            214.0,
            234.0,
            112.0,
            847.0
          ],
          "selection_reason": "pareto_frontier_max_cosine_fallback",
          "split": "train",
          "stage": "p32_selector_load_aware_refinement",
          "streaming": true,
          "token_count": 16384
        }
      ]
    },
    "validation_b_metrics": {
      "checkpoint_selection": false,
      "cosine": null,
      "dead_experts": null,
      "load_cv": null,
      "normalized_mse": null,
      "selected_counts": [],
      "split": "validation-b",
      "status": "NOT_CONFIGURED",
      "streaming": true
    }
  },
  "routing_mode": "independent_positive",
  "schema_version": 1,
  "split_contract": {
    "fit": {
      "count": 115124,
      "excluded_validation_hash": "7b2ff822febb9191b88d04cacfa6bb80aec3c6dd42f9210683c6b9fd2167b15f",
      "index_hash": "f9e719a7dab851d1f9a236eeb1b45cef664e613185ea76ca01bb6dd7fcaed4b7",
      "opened_for_confirmation": false,
      "opened_for_gradients": true,
      "opened_for_selection": false
    },
    "holdout": {
      "count": 16598,
      "opened_for_confirmation": false,
      "opened_for_gradients": false,
      "opened_for_selection": false,
      "status": "CLOSED"
    },
    "validation": {
      "count": 16384,
      "identity_hash": "5a7739c753dae98698a8c1a22c6a10409230f0750b33cfc9631594f16d8b8e1c",
      "opened_for_confirmation": false,
      "opened_for_gradients": false,
      "opened_for_selection": true,
      "selection_indices_hash": "7b2ff822febb9191b88d04cacfa6bb80aec3c6dd42f9210683c6b9fd2167b15f"
    }
  },
  "stage_schedule": [
    {
      "epochs": 2,
      "learning_rates": {
        "amplitude_router": 1e-05,
        "selection_router": 1e-05
      },
      "loss_coefficients": {
        "cosine": 0.5,
        "load_balance": 0.5,
        "mse": 1.0,
        "oracle": 0.15,
        "oracle_amplitude": 0.05,
        "router_z_loss": 0.001
      },
      "name": "p32_selector_load_aware_refinement",
      "oracle_amplitude_mode": "student_selected",
      "oracle_loss_mode": "repeated_cross_entropy",
      "oracle_target_mode": "residual_correlation",
      "teacher_forcing_ratio": 0.0,
      "train_amplitude_router": true,
      "train_experts": false,
      "train_scales": false,
      "train_selection_router": true,
      "train_shared": false,
      "use_oracle_targets": true
    }
  ],
  "status": "P32_SELECTOR_REFINEMENT_COMPLETE"
}
