{
  "discrepancy": {
    "acceptance": {
      "final_refit_global_nmse_abs_le_5e-4": true,
      "final_refit_mean_cosine_abs_le_2e-4": true
    },
    "candidate_score_coefficient_relative_l2_error_mean": 5.6182907428592443e-05,
    "candidate_score_coefficient_relative_l2_error_p95": 0.00019859985332004726,
    "candidate_score_global_nmse_delta_minus_exact": 4.316157153905209e-11,
    "candidate_score_hard_quartile_cosine_delta_minus_exact": 4.702350420160428e-08,
    "candidate_score_mean_cosine_delta_minus_exact": 2.3414730143667128e-07,
    "final_refit_coefficient_relative_l2_error_mean": 6.272864993661642e-06,
    "final_refit_coefficient_relative_l2_error_p95": 2.2251340851653367e-05,
    "final_refit_global_nmse_delta_minus_exact": -1.3365024364997424e-10,
    "final_refit_hard_quartile_cosine_delta_minus_exact": -4.40830172365736e-09,
    "final_refit_mean_cosine_delta_minus_exact": -2.9586969763073512e-08,
    "selected_set_exact_match": 1.0,
    "selected_set_mean_overlap": 1.0
  },
  "exact_solver": {
    "dead_experts": 0,
    "expert_usage_counts": [
      926,
      930,
      725,
      509,
      339,
      167,
      164,
      71,
      58,
      59,
      36,
      31,
      27,
      32,
      20,
      2
    ],
    "global_nmse": 0.04575237816491307,
    "hard_quartile_cosine": 0.9485886505631164,
    "load_cv": 1.2523293725781068,
    "mean_cosine": 0.9468026435635649,
    "mean_token_relative_mse": 0.10206598217996424,
    "method": "all_1820_candidate_sets_nonnegative_active_face_refit",
    "runtime_seconds": 7.504307097988203,
    "tokens": 1024
  },
  "status": "STREAMING_SOLVER_CALIBRATION_COMPLETE",
  "streaming_solver": {
    "candidate_assurance": "exact_candidate_sets",
    "candidate_batch_size": 128,
    "candidate_fit_exact": false,
    "coefficient_solver": "batched_projected_float32_candidate_scoring_with_exact_active_face_selected_refit",
    "dead_experts": 0,
    "expert_usage_counts": [
      926,
      930,
      725,
      509,
      339,
      167,
      164,
      71,
      58,
      59,
      36,
      31,
      27,
      32,
      20,
      2
    ],
    "global_nmse": 0.04575237803126283,
    "hard_quartile_cosine": 0.9485886461548146,
    "input_batch_bytes": 47325184,
    "load_cv": 1.2523293725781068,
    "mean_cosine": 0.9468026139765952,
    "mean_token_relative_mse": 0.10206598213468487,
    "method": "exhaustive_candidate_set_batched_projected_float32_scoring_with_exact_selected_route_refit",
    "runtime_seconds": 1.7353493300033733,
    "selected_fit_exact": true,
    "tokens": 1024
  }
}
