C:\Users\maste\AppData\Local\Programs\Python\Python312\Lib\site-packages\huggingface_hub\utils\_validators.py:205: UserWarning: The `local_dir_use_symlinks` argument is deprecated and ignored in `snapshot_download`. Downloading to a local directory does not use symlinks anymore.
  warnings.warn(

Fetching 29 files:   0%|          | 0/29 [00:00<?, ?it/s]Warning: You are sending unauthenticated requests to the HF Hub. Please set a HF_TOKEN to enable higher rate limits and faster downloads.

Fetching 29 files:   3%|3         | 1/29 [00:00<00:02,  9.45it/s]
Fetching 29 files:   7%|6         | 2/29 [00:00<00:02,  9.54it/s]
Fetching 29 files:  17%|#7        | 5/29 [00:00<00:01, 17.15it/s]
Fetching 29 files:  17%|#7        | 5/29 [00:20<00:01, 17.15it/s]
Fetching 29 files:  21%|##        | 6/29 [04:49<28:10, 73.52s/it]
Fetching 29 files:  24%|##4       | 7/29 [04:50<19:55, 54.36s/it]
Fetching 29 files:  24%|##4       | 7/29 [05:10<19:55, 54.36s/it]
Fetching 29 files:  28%|##7       | 8/29 [08:07<32:43, 93.52s/it]
Fetching 29 files:  31%|###1      | 9/29 [08:08<22:29, 67.48s/it]
Fetching 29 files:  34%|###4      | 10/29 [09:32<22:53, 72.30s/it]
Fetching 29 files:  38%|###7      | 11/29 [09:53<17:11, 57.29s/it]
Fetching 29 files:  41%|####1     | 12/29 [09:54<11:33, 40.78s/it]
Fetching 29 files:  45%|####4     | 13/29 [12:03<17:50, 66.89s/it]
Fetching 29 files:  48%|####8     | 14/29 [12:59<15:55, 63.67s/it]
Fetching 29 files:  52%|#####1    | 15/29 [17:32<29:24, 126.02s/it]
Fetching 29 files:  55%|#####5    | 16/29 [17:57<20:45, 95.82s/it]
Fetching 29 files:  59%|#####8    | 17/29 [17:58<13:27, 67.31s/it]
Fetching 29 files:  62%|######2   | 18/29 [17:58<08:40, 47.28s/it]
Fetching 29 files:  66%|######5   | 19/29 [18:22<06:43, 40.38s/it]
Fetching 29 files:  69%|######8   | 20/29 [18:23<04:15, 28.35s/it]
Fetching 29 files:  72%|#######2  | 21/29 [18:23<02:39, 19.96s/it]
Fetching 29 files:  76%|#######5  | 22/29 [18:25<01:42, 14.67s/it]
Fetching 29 files:  79%|#######9  | 23/29 [18:30<01:10, 11.68s/it]
Fetching 29 files:  83%|########2 | 24/29 [20:03<03:00, 36.17s/it]
Fetching 29 files:  86%|########6 | 25/29 [20:36<02:19, 34.99s/it]
Fetching 29 files:  90%|########9 | 26/29 [22:29<02:55, 58.66s/it]
Fetching 29 files:  93%|#########3| 27/29 [22:55<01:37, 48.65s/it]
Fetching 29 files:  97%|#########6| 28/29 [23:21<00:41, 41.93s/it]
Fetching 29 files: 100%|##########| 29/29 [23:55<00:00, 39.71s/it]
Fetching 29 files: 100%|##########| 29/29 [23:55<00:00, 49.52s/it]
