Looking in indexes: https://download.pytorch.org/whl/cu126
Collecting torch==2.13.0+cu126
  Downloading https://download-r2.pytorch.org/whl/cu126/torch-2.13.0%2Bcu126-cp312-cp312-win_amd64.whl.metadata (39 kB)
Requirement already satisfied: filelock in c:\users\maste\appdata\local\programs\python\python312\lib\site-packages (from torch==2.13.0+cu126) (3.32.3)
Requirement already satisfied: typing-extensions>=4.10.0 in c:\users\maste\appdata\roaming\python\python312\site-packages (from torch==2.13.0+cu126) (4.16.0)
Requirement already satisfied: setuptools>=77.0.3 in c:\users\maste\appdata\local\programs\python\python312\lib\site-packages (from torch==2.13.0+cu126) (84.0.0)
Requirement already satisfied: sympy>=1.13.3 in c:\users\maste\appdata\local\programs\python\python312\lib\site-packages (from torch==2.13.0+cu126) (1.14.0)
Requirement already satisfied: networkx>=2.5.1 in c:\users\maste\appdata\local\programs\python\python312\lib\site-packages (from torch==2.13.0+cu126) (3.6.1)
Requirement already satisfied: jinja2 in c:\users\maste\appdata\local\programs\python\python312\lib\site-packages (from torch==2.13.0+cu126) (3.1.4)
Requirement already satisfied: fsspec>=0.8.5 in c:\users\maste\appdata\local\programs\python\python312\lib\site-packages (from torch==2.13.0+cu126) (2026.7.0)
Requirement already satisfied: mpmath<1.4,>=1.1.0 in c:\users\maste\appdata\local\programs\python\python312\lib\site-packages (from sympy>=1.13.3->torch==2.13.0+cu126) (1.3.0)
Requirement already satisfied: MarkupSafe>=2.0 in c:\users\maste\appdata\local\programs\python\python312\lib\site-packages (from jinja2->torch==2.13.0+cu126) (2.1.5)
Downloading https://download-r2.pytorch.org/whl/cu126/torch-2.13.0%2Bcu126-cp312-cp312-win_amd64.whl (2594.6 MB)
   ---------------------------------------- 2.6/2.6 GB ? eta 0:00:00
Installing collected packages: torch
  Attempting uninstall: torch
    Found existing installation: torch 2.13.0
    Uninstalling torch-2.13.0:
      Successfully uninstalled torch-2.13.0
Successfully installed torch-2.13.0+cu126
